Component: ARM Compiler 5.05 update 1 (build 106) Tool: armlink [4d0efa]

==============================================================================

Section Cross References

    main.o(.text) refers to delay.o(.text) for delay_init
    main.o(.text) refers to misc.o(.text) for NVIC_PriorityGroupConfig
    main.o(.text) refers to timer.o(.text) for TIM3_Int_Init
    main.o(.text) refers to usart.o(.text) for uart_init
    main.o(.text) refers to usart3.o(.text) for usart3_init
    main.o(.text) refers to io.o(.text) for IO_Init
    main.o(.text) refers to arm.o(.text) for arm_init
    main.o(.text) refers to atof.o(i.atof) for atof
    main.o(.text) refers to strcmpv7m.o(.text) for strcmp
    main.o(.text) refers to timer.o(.bss) for motor
    main.o(.text) refers to usart3.o(.data) for USART3_RX_STA
    main.o(.text) refers to main.o(.data) for length
    main.o(.text) refers to usart3.o(.bss) for USART3_RX_BUF
    system_stm32f10x.o(.text) refers to system_stm32f10x.o(.data) for SystemCoreClock
    led.o(.text) refers to stm32f10x_rcc.o(.text) for RCC_APB2PeriphClockCmd
    led.o(.text) refers to stm32f10x_gpio.o(.text) for GPIO_Init
    key.o(.text) refers to stm32f10x_rcc.o(.text) for RCC_APB2PeriphClockCmd
    key.o(.text) refers to stm32f10x_gpio.o(.text) for GPIO_Init
    key.o(.text) refers to delay.o(.text) for delay_ms
    key.o(.text) refers to key.o(.data) for key_up
    timer.o(.text) refers to stm32f10x_rcc.o(.text) for RCC_APB1PeriphClockCmd
    timer.o(.text) refers to stm32f10x_tim.o(.text) for TIM_TimeBaseInit
    timer.o(.text) refers to misc.o(.text) for NVIC_Init
    timer.o(.text) refers to stm32f10x_gpio.o(.text) for GPIO_Init
    timer.o(.text) refers to timer.o(.bss) for motor
    timer.o(.text) refers to timer.o(.data) for timer
    timer.o(.text) refers to usart3.o(.data) for USART3_RX_STA
    io.o(.text) refers to stm32f10x_rcc.o(.text) for RCC_APB2PeriphClockCmd
    io.o(.text) refers to stm32f10x_gpio.o(.text) for GPIO_PinRemapConfig
    arm.o(.text) refers to ddiv.o(x$fpl$ddiv) for __aeabi_ddiv
    arm.o(.text) refers to dmul.o(x$fpl$dmul) for __aeabi_dmul
    arm.o(.text) refers to dfix.o(x$fpl$dfix) for __aeabi_d2iz
    arm.o(.text) refers to timer.o(.text) for SetpMotor_SetStep
    arm.o(.text) refers to dleqf.o(x$fpl$dleqf) for __aeabi_cdcmple
    arm.o(.text) refers to drleqf.o(x$fpl$drleqf) for __aeabi_cdrcmple
    arm.o(.text) refers to daddsub_clz.o(x$fpl$dsub) for __aeabi_dsub
    arm.o(.text) refers to daddsub_clz.o(x$fpl$dadd) for __aeabi_dadd
    arm.o(.text) refers to sqrt.o(i.sqrt) for sqrt
    arm.o(.text) refers to atan.o(i.atan) for atan
    arm.o(.text) refers to acos.o(i.acos) for acos
    arm.o(.text) refers to daddsub_clz.o(x$fpl$drsb) for __aeabi_drsub
    arm.o(.text) refers to deqf.o(x$fpl$deqf) for __aeabi_cdcmpeq
    arm.o(.text) refers to main.o(.data) for k
    arm.o(.text) refers to arm.o(.data) for angle1
    arm.o(.text) refers to dflt_clz.o(x$fpl$dflt) for __aeabi_i2d
    arm.o(.text) refers to timer.o(.bss) for motor
    usart3.o(.text) refers to stm32f10x_usart.o(.text) for USART_GetITStatus
    usart3.o(.text) refers to stm32f10x_tim.o(.text) for TIM_SetCounter
    usart3.o(.text) refers to stm32f10x_rcc.o(.text) for RCC_APB2PeriphClockCmd
    usart3.o(.text) refers to stm32f10x_gpio.o(.text) for GPIO_Init
    usart3.o(.text) refers to misc.o(.text) for NVIC_Init
    usart3.o(.text) refers to timer.o(.text) for TIM7_Int_Init
    usart3.o(.text) refers to c89vsprintf.o(.text) for __c89vsprintf
    usart3.o(.text) refers to strlen.o(.text) for strlen
    usart3.o(.text) refers to usart3.o(.data) for USART3_RX_STA
    usart3.o(.text) refers to usart3.o(.bss) for USART3_RX_BUF
    delay.o(.text) refers to misc.o(.text) for SysTick_CLKSourceConfig
    delay.o(.text) refers to system_stm32f10x.o(.data) for SystemCoreClock
    delay.o(.text) refers to delay.o(.data) for fac_us
    usart.o(.text) refers (Special) to use_no_semi_2.o(.text) for __use_no_semihosting
    usart.o(.text) refers to stm32f10x_rcc.o(.text) for RCC_APB2PeriphClockCmd
    usart.o(.text) refers to stm32f10x_gpio.o(.text) for GPIO_Init
    usart.o(.text) refers to misc.o(.text) for NVIC_Init
    usart.o(.text) refers to stm32f10x_usart.o(.text) for USART_Init
    usart.o(.text) refers to usart.o(.data) for USART_RX_STA
    usart.o(.text) refers to usart.o(.bss) for USART_RX_BUF
    usart.o(.bss) refers (Special) to use_no_semi_2.o(.text) for __use_no_semihosting
    usart.o(.data) refers (Special) to use_no_semi_2.o(.text) for __use_no_semihosting
    startup_stm32f10x_hd.o(STACK) refers (Special) to heapauxi.o(.text) for __use_two_region_memory
    startup_stm32f10x_hd.o(HEAP) refers (Special) to heapauxi.o(.text) for __use_two_region_memory
    startup_stm32f10x_hd.o(RESET) refers (Special) to heapauxi.o(.text) for __use_two_region_memory
    startup_stm32f10x_hd.o(RESET) refers to startup_stm32f10x_hd.o(STACK) for __initial_sp
[...]
    x$fpl$drleqf                             0x08005e74   Section      108  drleqf.o(x$fpl$drleqf)
    x$fpl$drsb                               0x08005ee0   Section       22  daddsub_clz.o(x$fpl$drsb)
    x$fpl$dsqrt                              0x08005ef8   Section      460  dsqrt_noumaal.o(x$fpl$dsqrt)
    x$fpl$dsub                               0x080060c4   Section      468  daddsub_clz.o(x$fpl$dsub)
    _dsub1                                   0x080060d5   Thumb Code     0  daddsub_clz.o(x$fpl$dsub)
    x$fpl$fretinf                            0x08006298   Section       10  fretinf.o(x$fpl$fretinf)
    x$fpl$printf1                            0x080062a2   Section        4  printf1.o(x$fpl$printf1)
    x$fpl$retnan                             0x080062a6   Section      100  retnan.o(x$fpl$retnan)
    x$fpl$scalbn                             0x0800630a   Section       92  scalbn.o(x$fpl$scalbn)
    x$fpl$scanf1                             0x08006366   Section        4  scanf1.o(x$fpl$scanf1)
    x$fpl$scanf2                             0x0800636a   Section        8  scanf2.o(x$fpl$scanf2)
    x$fpl$trapveneer                         0x08006372   Section       48  trapv.o(x$fpl$trapveneer)
    x$fpl$usenofp                            0x080063a2   Section        0  usenofp.o(x$fpl$usenofp)
    .constdata                               0x080063a8   Section       80  acos.o(.constdata)
    pS                                       0x080063a8   Data          48  acos.o(.constdata)
    qS                                       0x080063d8   Data          32  acos.o(.constdata)
    .constdata                               0x080063f8   Section      152  atan.o(.constdata)
    atanhi                                   0x080063f8   Data          32  atan.o(.constdata)
    atanlo                                   0x08006418   Data          32  atan.o(.constdata)
    aTodd                                    0x08006438   Data          40  atan.o(.constdata)
    aTeven                                   0x08006460   Data          48  atan.o(.constdata)
    .constdata                               0x08006490   Section        8  _printf_wctomb.o(.constdata)
    initial_mbstate                          0x08006490   Data           8  _printf_wctomb.o(.constdata)
    .constdata                               0x08006498   Section       40  _printf_hex_int_ll_ptr.o(.constdata)
    uc_hextab                                0x08006498   Data          20  _printf_hex_int_ll_ptr.o(.constdata)
    lc_hextab                                0x080064ac   Data          20  _printf_hex_int_ll_ptr.o(.constdata)
    .constdata                               0x080064c0   Section       17  __printf_flags_ss_wp.o(.constdata)
    maptable                                 0x080064c0   Data          17  __printf_flags_ss_wp.o(.constdata)
    .constdata                               0x080064d4   Section      148  bigflt0.o(.constdata)
    tenpwrs_x                                0x080064d4   Data          60  bigflt0.o(.constdata)
    tenpwrs_i                                0x08006510   Data          64  bigflt0.o(.constdata)
    c$$dinf                                  0x08006588   Section        8  fpconst.o(c$$dinf)
    locale$$data                             0x08006590   Section       28  lc_numeric_c.o(locale$$data)
    __lcnum_c_name                           0x08006594   Data           2  lc_numeric_c.o(locale$$data)
    __lcnum_c_start                          0x0800659c   Data           0  lc_numeric_c.o(locale$$data)
    __lcnum_c_point                          0x080065a8   Data           0  lc_numeric_c.o(locale$$data)
    __lcnum_c_thousands                      0x080065aa   Data           0  lc_numeric_c.o(locale$$data)
    __lcnum_c_grouping                       0x080065ab   Data           0  lc_numeric_c.o(locale$$data)
    locale$$data                             0x080065ac   Section      272  lc_ctype_c.o(locale$$data)
    __lcnum_c_end                            0x080065ac   Data           0  lc_numeric_c.o(locale$$data)
    __lcctype_c_name                         0x080065b0   Data           2  lc_ctype_c.o(locale$$data)
    __lcctype_c_start                        0x080065b8   Data           0  lc_ctype_c.o(locale$$data)
    __lcctype_c_end                          0x080066bc   Data           0  lc_ctype_c.o(locale$$data)
    .data                                    0x20000000   Section       32  main.o(.data)
    .data                                    0x20000020   Section       20  system_stm32f10x.o(.data)
    .data                                    0x20000034   Section        4  timer.o(.data)
    timer                                    0x20000034   Data           4  timer.o(.data)
    .data                                    0x20000038   Section       24  arm.o(.data)
    .data                                    0x20000050   Section        2  usart3.o(.data)
    .data                                    0x20000052   Section        4  delay.o(.data)
    fac_us                                   0x20000052   Data           1  delay.o(.data)
    fac_ms                                   0x20000054   Data           2  delay.o(.data)
    .data                                    0x20000058   Section        6  usart.o(.data)
    .data                                    0x2000005e   Section       20  stm32f10x_rcc.o(.data)
    APBAHBPrescTable                         0x2000005e   Data          16  stm32f10x_rcc.o(.data)
    ADCPrescTable                            0x2000006e   Data           4  stm32f10x_rcc.o(.data)
    .bss                                     0x20000074   Section       48  timer.o(.bss)
    .bss                                     0x200000a4   Section     1200  usart3.o(.bss)
    .bss                                     0x20000554   Section      200  usart.o(.bss)
    .bss                                     0x2000061c   Section       96  libspace.o(.bss)
    HEAP                                     0x20000680   Section      512  startup_stm32f10x_hd.o(HEAP)
    Heap_Mem                                 0x20000680   Data         512  startup_stm32f10x_hd.o(HEAP)
    STACK                                    0x20000880   Section     1024  startup_stm32f10x_hd.o(STACK)
    Stack_Mem                                0x20000880   Data        1024  startup_stm32f10x_hd.o(STACK)
    __initial_sp                             0x20000c80   Data           0  startup_stm32f10x_hd.o(STACK)

    Global Symbols

    Symbol Name                              Value     Ov Type        Size  Object(Section)

    BuildAttributes$$THM_ISAv4$P$D$K$B$S$PE$A:L22UL41UL21$X:L11$S22US41US21$IEEE1$IW$USESV6$~STKCKD$USESV7$~SHL$OTIME$ROPI$IEEEX$EBA8$UX$STANDARDLIB$REQ8$PRES8$EABIv2 0x00000000   Number         0  anon$$obj.o ABSOLUTE
    __ARM_use_no_argv                        0x00000000   Number         0  main.o ABSOLUTE
    _printf_flags                            0x00000000   Number         0  printf_stubs.o ABSOLUTE
    _printf_return_value                     0x00000000   Number         0  printf_stubs.o ABSOLUTE
    _printf_sizespec                         0x00000000   Number         0  printf_stubs.o ABSOLUTE
    _printf_widthprec                        0x00000000   Number         0  printf_stubs.o ABSOLUTE
    __ARM_exceptions_init                     - Undefined Weak Reference
    __alloca_initialize                       - Undefined Weak Reference
    __arm_preinit_                            - Undefined Weak Reference
    __cpp_initialize__aeabi_                  - Undefined Weak Reference
    __cxa_finalize                            - Undefined Weak Reference
    __sigvec_lookup                           - Undefined Weak Reference
    _atexit_init                              - Undefined Weak Reference
    _call_atexit_fns                          - Undefined Weak Reference
    _clock_init                               - Undefined Weak Reference
    _fp_trap_init                             - Undefined Weak Reference
    _fp_trap_shutdown                         - Undefined Weak Reference
    _get_lc_collate                           - Undefined Weak Reference
    _get_lc_monetary                          - Undefined Weak Reference
    _get_lc_time                              - Undefined Weak Reference
    _getenv_init                              - Undefined Weak Reference
    _handle_redirection                       - Undefined Weak Reference
    _init_alloc                               - Undefined Weak Reference
    _init_user_alloc                          - Undefined Weak Reference
    _initio                                   - Undefined Weak Reference
    _printf_fp_hex                            - Undefined Weak Reference
    _printf_mbtowc                            - Undefined Weak Reference
    _printf_wc                                - Undefined Weak Reference
    _rand_init                                - Undefined Weak Reference
    _signal_finish                            - Undefined Weak Reference
    _signal_init                              - Undefined Weak Reference
    _terminate_alloc                          - Undefined Weak Reference
    _terminate_user_alloc                     - Undefined Weak Reference
    _terminateio                              - Undefined Weak Reference
    __Vectors_Size                           0x00000130   Number         0  startup_stm32f10x_hd.o ABSOLUTE
    __Vectors                                0x08000000   Data           4  startup_stm32f10x_hd.o(RESET)
    __Vectors_End                            0x08000130   Data           0  startup_stm32f10x_hd.o(RESET)
    __main                                   0x08000131   Thumb Code     8  __main.o(!!!main)
    __scatterload                            0x08000139   Thumb Code     0  __scatter.o(!!!scatter)
    __scatterload_rt2                        0x08000139   Thumb Code    44  __scatter.o(!!!scatter)
    __scatterload_rt2_thumb_only             0x08000139   Thumb Code     0  __scatter.o(!!!scatter)
    __scatterload_null                       0x08000147   Thumb Code     0  __scatter.o(!!!scatter)
    __scatterload_copy                       0x0800016d   Thumb Code    26  __scatter_copy.o(!!handler_copy)
    __scatterload_zeroinit                   0x08000189   Thumb Code    28  __scatter_zi.o(!!handler_zi)
    _printf_n                                0x080001a5   Thumb Code     0  _printf_n.o(.ARM.Collect$$_printf_percent$$00000001)
    _printf_percent                          0x080001a5   Thumb Code     0  _printf_percent.o(.ARM.Collect$$_printf_percent$$00000000)
    _printf_p                                0x080001ab   Thumb Code     0  _printf_p.o(.ARM.Collect$$_printf_percent$$00000002)
    _printf_f                                0x080001b1   Thumb Code     0  _printf_f.o(.ARM.Collect$$_printf_percent$$00000003)
    _printf_e                                0x080001b7   Thumb Code     0  _printf_e.o(.ARM.Collect$$_printf_percent$$00000004)
    _printf_g                                0x080001bd   Thumb Code     0  _printf_g.o(.ARM.Collect$$_printf_percent$$00000005)
    _printf_a                                0x080001c3   Thumb Code     0  _printf_a.o(.ARM.Collect$$_printf_percent$$00000006)
    _printf_ll                               0x080001c9   Thumb Code     0  _printf_ll.o(.ARM.Collect$$_printf_percent$$00000007)
    _printf_i                                0x080001d3   Thumb Code     0  _printf_i.o(.ARM.Collect$$_printf_percent$$00000008)
    _printf_d                                0x080001d9   Thumb Code     0  _printf_d.o(.ARM.Collect$$_printf_percent$$00000009)
    _printf_u                                0x080001df   Thumb Code     0  _printf_u.o(.ARM.Collect$$_printf_percent$$0000000A)
    _printf_o                                0x080001e5   Thumb Code     0  _printf_o.o(.ARM.Collect$$_printf_percent$$0000000B)
    _printf_x                                0x080001eb   Thumb Code     0  _printf_x.o(.ARM.Collect$$_printf_percent$$0000000C)
    _printf_lli                              0x080001f1   Thumb Code     0  _printf_lli.o(.ARM.Collect$$_printf_percent$$0000000D)
    _printf_lld                              0x080001f7   Thumb Code     0  _printf_lld.o(.ARM.Collect$$_printf_percent$$0000000E)
    _printf_llu                              0x080001fd   Thumb Code     0  _printf_llu.o(.ARM.Collect$$_printf_percent$$0000000F)
    _printf_llo                              0x08000203   Thumb Code     0  _printf_llo.o(.ARM.Collect$$_printf_percent$$00000010)
    _printf_llx                              0x08000209   Thumb Code     0  _printf_llx.o(.ARM.Collect$$_printf_percent$$00000011)
    _printf_l                                0x0800020f   Thumb Code     0  _printf_l.o(.ARM.Collect$$_printf_percent$$00000012)
    _printf_c                                0x08000219   Thumb Code     0  _printf_c.o(.ARM.Collect$$_printf_percent$$00000013)
    _printf_s                                0x0800021f   Thumb Code     0  _printf_s.o(.ARM.Collect$$_printf_percent$$00000014)
    _printf_lc                               0x08000225   Thumb Code     0  _printf_lc.o(.ARM.Collect$$_printf_percent$$00000015)
    _printf_ls                               0x0800022b   Thumb Code     0  _printf_ls.o(.ARM.Collect$$_printf_percent$$00000016)
    _printf_percent_end                      0x08000231   Thumb Code     0  _printf_percent_end.o(.ARM.Collect$$_printf_percent$$00000017)
    __rt_lib_init                            0x08000235   Thumb Code     0  libinit.o(.ARM.Collect$$libinit$$00000000)
    __rt_lib_init_fp_1                       0x08000237   Thumb Code     0  libinit2.o(.ARM.Collect$$libinit$$00000002)
    __rt_lib_init_heap_1                     0x08000237   Thumb Code     0  libinit2.o(.ARM.Collect$$libinit$$0000000A)
    __rt_lib_init_lc_common                  0x08000237   Thumb Code     0  libinit2.o(.ARM.Collect$$libinit$$0000000F)
    __rt_lib_init_preinit_1                  0x08000237   Thumb Code     0  libinit2.o(.ARM.Collect$$libinit$$00000004)
    __rt_lib_init_rand_1                     0x08000237   Thumb Code     0  libinit2.o(.ARM.Collect$$libinit$$0000000E)
    __rt_lib_init_user_alloc_1               0x08000237   Thumb Code     0  libinit2.o(.ARM.Collect$$libinit$$0000000C)
    __rt_lib_init_lc_collate_1               0x0800023d   Thumb Code     0  libinit2.o(.ARM.Collect$$libinit$$00000011)
    __rt_lib_init_lc_ctype_2                 0x0800023d   Thumb Code     0  libinit2.o(.ARM.Collect$$libinit$$00000012)
    __rt_lib_init_lc_ctype_1                 0x08000249   Thumb Code     0  libinit2.o(.ARM.Collect$$libinit$$00000013)
    __rt_lib_init_lc_monetary_1              0x08000249   Thumb Code     0  libinit2.o(.ARM.Collect$$libinit$$00000015)
    __rt_lib_init_lc_numeric_2               0x08000249   Thumb Code     0  libinit2.o(.ARM.Collect$$libinit$$00000016)
    __rt_lib_init_alloca_1                   0x08000253   Thumb Code     0  libinit2.o(.ARM.Collect$$libinit$$0000002E)
    __rt_lib_init_argv_1                     0x08000253   Thumb Code     0  libinit2.o(.ARM.Collect$$libinit$$0000002C)
    __rt_lib_init_atexit_1                   0x08000253   Thumb Code     0  libinit2.o(.ARM.Collect$$libinit$$0000001B)
    __rt_lib_init_clock_1                    0x08000253   Thumb Code     0  libinit2.o(.ARM.Collect$$libinit$$00000021)
    __rt_lib_init_cpp_1                      0x08000253   Thumb Code     0  libinit2.o(.ARM.Collect$$libinit$$00000032)
    __rt_lib_init_exceptions_1               0x08000253   Thumb Code     0  libinit2.o(.ARM.Collect$$libinit$$00000030)
    __rt_lib_init_fp_trap_1                  0x08000253   Thumb Code     0  libinit2.o(.ARM.Collect$$libinit$$0000001F)
    __rt_lib_init_getenv_1                   0x08000253   Thumb Code     0  libinit2.o(.ARM.Collect$$libinit$$00000023)
    __rt_lib_init_lc_numeric_1               0x08000253   Thumb Code     0  libinit2.o(.ARM.Collect$$libinit$$00000017)
    __rt_lib_init_lc_time_1                  0x08000253   Thumb Code     0  libinit2.o(.ARM.Collect$$libinit$$00000019)
    __rt_lib_init_return                     0x08000253   Thumb Code     0  libinit2.o(.ARM.Collect$$libinit$$00000033)
    __rt_lib_init_signal_1                   0x08000253   Thumb Code     0  libinit2.o(.ARM.Collect$$libinit$$0000001D)
    __rt_lib_init_stdio_1                    0x08000253   Thumb Code     0  libinit2.o(.ARM.Collect$$libinit$$00000025)
    __rt_lib_shutdown                        0x08000255   Thumb Code     0  libshutdown.o(.ARM.Collect$$libshutdown$$00000000)
    __rt_lib_shutdown_fp_trap_1              0x08000257   Thumb Code     0  libshutdown2.o(.ARM.Collect$$libshutdown$$00000006)
    __rt_lib_shutdown_heap_1                 0x08000257   Thumb Code     0  libshutdown2.o(.ARM.Collect$$libshutdown$$0000000E)
    __rt_lib_shutdown_return                 0x08000257   Thumb Code     0  libshutdown2.o(.ARM.Collect$$libshutdown$$0000000F)
    __rt_lib_shutdown_signal_1               0x08000257   Thumb Code     0  libshutdown2.o(.ARM.Collect$$libshutdown$$00000009)
    __rt_lib_shutdown_stdio_1                0x08000257   Thumb Code     0  libshutdown2.o(.ARM.Collect$$libshutdown$$00000003)
    __rt_lib_shutdown_user_alloc_1           0x08000257   Thumb Code     0  libshutdown2.o(.ARM.Collect$$libshutdown$$0000000B)
    __rt_entry                               0x08000259   Thumb Code     0  __rtentry.o(.ARM.Collect$$rtentry$$00000000)
    __rt_entry_presh_1                       0x08000259   Thumb Code     0  __rtentry2.o(.ARM.Collect$$rtentry$$00000002)
    __rt_entry_sh                            0x08000259   Thumb Code     0  __rtentry4.o(.ARM.Collect$$rtentry$$00000004)
    __rt_entry_li                            0x0800025f   Thumb Code     0  __rtentry2.o(.ARM.Collect$$rtentry$$0000000A)
    __rt_entry_postsh_1                      0x0800025f   Thumb Code     0  __rtentry2.o(.ARM.Collect$$rtentry$$00000009)
    __rt_entry_main                          0x08000263   Thumb Code     0  __rtentry2.o(.ARM.Collect$$rtentry$$0000000D)
    __rt_entry_postli_1                      0x08000263   Thumb Code     0  __rtentry2.o(.ARM.Collect$$rtentry$$0000000C)
    __rt_exit                                0x0800026b   Thumb Code     0  rtexit.o(.ARM.Collect$$rtexit$$00000000)
    __rt_exit_ls                             0x0800026d   Thumb Code     0  rtexit2.o(.ARM.Collect$$rtexit$$00000003)
    __rt_exit_prels_1                        0x0800026d   Thumb Code     0  rtexit2.o(.ARM.Collect$$rtexit$$00000002)
    __rt_exit_exit                           0x08000271   Thumb Code     0  rtexit2.o(.ARM.Collect$$rtexit$$00000004)
    main                                     0x08000279   Thumb Code   500  main.o(.text)
    NMI_Handler                              0x080004cd   Thumb Code     2  stm32f10x_it.o(.text)
    HardFault_Handler                        0x080004cf   Thumb Code     4  stm32f10x_it.o(.text)
    MemManage_Handler                        0x080004d3   Thumb Code     4  stm32f10x_it.o(.text)
    BusFault_Handler                         0x080004d7   Thumb Code     4  stm32f10x_it.o(.text)
    UsageFault_Handler                       0x080004db   Thumb Code     4  stm32f10x_it.o(.text)
    SVC_Handler                              0x080004df   Thumb Code     2  stm32f10x_it.o(.text)
    DebugMon_Handler                         0x080004e1   Thumb Code     2  stm32f10x_it.o(.text)
    PendSV_Handler                           0x080004e3   Thumb Code     2  stm32f10x_it.o(.text)
    SysTick_Handler                          0x080004e5   Thumb Code     2  stm32f10x_it.o(.text)
    SystemInit                               0x080005c7   Thumb Code    78  system_stm32f10x.o(.text)
    SystemCoreClockUpdate                    0x08000615   Thumb Code   142  system_stm32f10x.o(.text)
    TIM3_Int_Init                            0x080006c9   Thumb Code    90  timer.o(.text)
    TIM3_IRQHandler                          0x08000723   Thumb Code   462  timer.o(.text)
    SetpMotor_SetStep                        0x080008f1   Thumb Code    22  timer.o(.text)
    SetpMotor_SetSpeed                       0x08000907   Thumb Code    10  timer.o(.text)
    TIM2_PWM_Init                            0x08000911   Thumb Code   126  timer.o(.text)
    TIM7_IRQHandler                          0x0800098f   Thumb Code    42  timer.o(.text)
    TIM7_Int_Init                            0x080009b9   Thumb Code    88  timer.o(.text)
    IO_Init                                  0x08000a39   Thumb Code   116  io.o(.text)
    convert                                  0x08000abd   Thumb Code    44  arm.o(.text)
    arm_init                                 0x08000ae9   Thumb Code   170  arm.o(.text)
    arm_reset                                0x08000b93   Thumb Code   164  arm.o(.text)
    caculate_angle                           0x08000c37   Thumb Code   734  arm.o(.text)
    go_coordinate                            0x08000f15   Thumb Code   270  arm.o(.text)
    USART3_IRQHandler                        0x08001035   Thumb Code    94  usart3.o(.text)
    usart3_init                              0x08001093   Thumb Code   188  usart3.o(.text)
    u3_printf                                0x0800114f   Thumb Code    72  usart3.o(.text)
    delay_init                               0x080011b1   Thumb Code    50  delay.o(.text)
    delay_us                                 0x080011e3   Thumb Code    72  delay.o(.text)
    delay_ms                                 0x0800122b   Thumb Code    72  delay.o(.text)
    _sys_exit                                0x08001285   Thumb Code     6  usart.o(.text)
    fputc                                    0x0800128b   Thumb Code    24  usart.o(.text)
    uart_init                                0x080012a3   Thumb Code   152  usart.o(.text)
    USART1_IRQHandler                        0x0800133b   Thumb Code   122  usart.o(.text)
    Reset_Handler                            0x080013c5   Thumb Code     8  startup_stm32f10x_hd.o(.text)
    ADC1_2_IRQHandler                        0x080013df   Thumb Code     0  startup_stm32f10x_hd.o(.text)
    ADC3_IRQHandler                          0x080013df   Thumb Code     0  startup_stm32f10x_hd.o(.text)
    CAN1_RX1_IRQHandler                      0x080013df   Thumb Code     0  startup_stm32f10x_hd.o(.text)
    CAN1_SCE_IRQHandler                      0x080013df   Thumb Code     0  startup_stm32f10x_hd.o(.text)
    DMA1_Channel1_IRQHandler                 0x080013df   Thumb Code     0  startup_stm32f10x_hd.o(.text)
    DMA1_Channel2_IRQHandler                 0x080013df   Thumb Code     0  startup_stm32f10x_hd.o(.text)
    DMA1_Channel3_IRQHandler                 0x080013df   Thumb Code     0  startup_stm32f10x_hd.o(.text)
    DMA1_Channel4_IRQHandler                 0x080013df   Thumb Code     0  startup_stm32f10x_hd.o(.text)
    DMA1_Channel5_IRQHandler                 0x080013df   Thumb Code     0  startup_stm32f10x_hd.o(.text)
    DMA1_Channel6_IRQHandler                 0x080013df   Thumb Code     0  startup_stm32f10x_hd.o(.text)
    DMA1_Channel7_IRQHandler                 0x080013df   Thumb Code     0  startup_stm32f10x_hd.o(.text)
    DMA2_Channel1_IRQHandler                 0x080013df   Thumb Code     0  startup_stm32f10x_hd.o(.text)
    DMA2_Channel2_IRQHandler                 0x080013df   Thumb Code     0  startup_stm32f10x_hd.o(.text)
    DMA2_Channel3_IRQHandler                 0x080013df   Thumb Code     0  startup_stm32f10x_hd.o(.text)
    DMA2_Channel4_5_IRQHandler               0x080013df   Thumb Code     0  startup_stm32f10x_hd.o(.text)
    EXTI0_IRQHandler                         0x080013df   Thumb Code     0  startup_stm32f10x_hd.o(.text)
    EXTI15_10_IRQHandler                     0x080013df   Thumb Code     0  startup_stm32f10x_hd.o(.text)
    EXTI1_IRQHandler                         0x080013df   Thumb Code     0  startup_stm32f10x_hd.o(.text)
    EXTI2_IRQHandler                         0x080013df   Thumb Code     0  startup_stm32f10x_hd.o(.text)
    EXTI3_IRQHandler                         0x080013df   Thumb Code     0  startup_stm32f10x_hd.o(.text)
    EXTI4_IRQHandler                         0x080013df   Thumb Code     0  startup_stm32f10x_hd.o(.text)
    EXTI9_5_IRQHandler                       0x080013df   Thumb Code     0  startup_stm32f10x_hd.o(.text)
    FLASH_IRQHandler                         0x080013df   Thumb Code     0  startup_stm32f10x_hd.o(.text)
    FSMC_IRQHandler                          0x080013df   Thumb Code     0  startup_stm32f10x_hd.o(.text)
    I2C1_ER_IRQHandler                       0x080013df   Thumb Code     0  startup_stm32f10x_hd.o(.text)
    I2C1_EV_IRQHandler                       0x080013df   Thumb Code     0  startup_stm32f10x_hd.o(.text)
    I2C2_ER_IRQHandler                       0x080013df   Thumb Code     0  startup_stm32f10x_hd.o(.text)
    I2C2_EV_IRQHandler                       0x080013df   Thumb Code     0  startup_stm32f10x_hd.o(.text)
    PVD_IRQHandler                           0x080013df   Thumb Code     0  startup_stm32f10x_hd.o(.text)
    RCC_IRQHandler                           0x080013df   Thumb Code     0  startup_stm32f10x_hd.o(.text)
    RTCAlarm_IRQHandler                      0x080013df   Thumb Code     0  startup_stm32f10x_hd.o(.text)
    RTC_IRQHandler                           0x080013df   Thumb Code     0  startup_stm32f10x_hd.o(.text)
    SDIO_IRQHandler                          0x080013df   Thumb Code     0  startup_stm32f10x_hd.o(.text)
    SPI1_IRQHandler                          0x080013df   Thumb Code     0  startup_stm32f10x_hd.o(.text)
    SPI2_IRQHandler                          0x080013df   Thumb Code     0  startup_stm32f10x_hd.o(.text)
    SPI3_IRQHandler                          0x080013df   Thumb Code     0  startup_stm32f10x_hd.o(.text)
    TAMPER_IRQHandler                        0x080013df   Thumb Code     0  startup_stm32f10x_hd.o(.text)
    TIM1_BRK_IRQHandler                      0x080013df   Thumb Code     0  startup_stm32f10x_hd.o(.text)
    TIM1_CC_IRQHandler                       0x080013df   Thumb Code     0  startup_stm32f10x_hd.o(.text)
    TIM1_TRG_COM_IRQHandler                  0x080013df   Thumb Code     0  startup_stm32f10x_hd.o(.text)
    TIM1_UP_IRQHandler                       0x080013df   Thumb Code     0  startup_stm32f10x_hd.o(.text)
    TIM2_IRQHandler                          0x080013df   Thumb Code     0  startup_stm32f10x_hd.o(.text)
    TIM4_IRQHandler                          0x080013df   Thumb Code     0  startup_stm32f10x_hd.o(.text)
    TIM5_IRQHandler                          0x080013df   Thumb Code     0  startup_stm32f10x_hd.o(.text)
    TIM6_IRQHandler                          0x080013df   Thumb Code     0  startup_stm32f10x_hd.o(.text)
    TIM8_BRK_IRQHandler                      0x080013df   Thumb Code     0  startup_stm32f10x_hd.o(.text)
    TIM8_CC_IRQHandler                       0x080013df   Thumb Code     0  startup_stm32f10x_hd.o(.text)
    TIM8_TRG_COM_IRQHandler                  0x080013df   Thumb Code     0  startup_stm32f10x_hd.o(.text)
    TIM8_UP_IRQHandler                       0x080013df   Thumb Code     0  startup_stm32f10x_hd.o(.text)
    UART4_IRQHandler                         0x080013df   Thumb Code     0  startup_stm32f10x_hd.o(.text)
    UART5_IRQHandler                         0x080013df   Thumb Code     0  startup_stm32f10x_hd.o(.text)
    USART2_IRQHandler                        0x080013df   Thumb Code     0  startup_stm32f10x_hd.o(.text)
    USBWakeUp_IRQHandler                     0x080013df   Thumb Code     0  startup_stm32f10x_hd.o(.text)
    USB_HP_CAN1_TX_IRQHandler                0x080013df   Thumb Code     0  startup_stm32f10x_hd.o(.text)
    USB_LP_CAN1_RX0_IRQHandler               0x080013df   Thumb Code     0  startup_stm32f10x_hd.o(.text)
    WWDG_IRQHandler                          0x080013df   Thumb Code     0  startup_stm32f10x_hd.o(.text)
    __user_initial_stackheap                 0x080013e1   Thumb Code     0  startup_stm32f10x_hd.o(.text)
    NVIC_PriorityGroupConfig                 0x08001405   Thumb Code    10  misc.o(.text)
    NVIC_Init                                0x0800140f   Thumb Code   100  misc.o(.text)
    NVIC_SetVectorTable                      0x08001473   Thumb Code    14  misc.o(.text)
    NVIC_SystemLPConfig                      0x08001481   Thumb Code    34  misc.o(.text)
    SysTick_CLKSourceConfig                  0x080014a3   Thumb Code    40  misc.o(.text)
    GPIO_DeInit                              0x080014e1   Thumb Code   172  stm32f10x_gpio.o(.text)
    GPIO_AFIODeInit                          0x0800158d   Thumb Code    20  stm32f10x_gpio.o(.text)
    GPIO_Init                                0x080015a1   Thumb Code   278  stm32f10x_gpio.o(.text)
    GPIO_StructInit                          0x080016b7   Thumb Code    16  stm32f10x_gpio.o(.text)
    GPIO_ReadInputDataBit                    0x080016c7   Thumb Code    18  stm32f10x_gpio.o(.text)
    GPIO_ReadInputData                       0x080016d9   Thumb Code     8  stm32f10x_gpio.o(.text)
    GPIO_ReadOutputDataBit                   0x080016e1   Thumb Code    18  stm32f10x_gpio.o(.text)
    GPIO_ReadOutputData                      0x080016f3   Thumb Code     8  stm32f10x_gpio.o(.text)
    GPIO_SetBits                             0x080016fb   Thumb Code     4  stm32f10x_gpio.o(.text)
    GPIO_ResetBits                           0x080016ff   Thumb Code     4  stm32f10x_gpio.o(.text)
    GPIO_WriteBit                            0x08001703   Thumb Code    10  stm32f10x_gpio.o(.text)
    GPIO_Write                               0x0800170d   Thumb Code     4  stm32f10x_gpio.o(.text)
    GPIO_PinLockConfig                       0x08001711   Thumb Code    18  stm32f10x_gpio.o(.text)
    GPIO_EventOutputConfig                   0x08001723   Thumb Code    26  stm32f10x_gpio.o(.text)
    GPIO_EventOutputCmd                      0x0800173d   Thumb Code     6  stm32f10x_gpio.o(.text)
    GPIO_PinRemapConfig                      0x08001743   Thumb Code   138  stm32f10x_gpio.o(.text)
    GPIO_EXTILineConfig                      0x080017cd   Thumb Code    66  stm32f10x_gpio.o(.text)
    GPIO_ETH_MediaInterfaceConfig            0x0800180f   Thumb Code     8  stm32f10x_gpio.o(.text)
    RCC_DeInit                               0x0800183d   Thumb Code    64  stm32f10x_rcc.o(.text)
    RCC_HSEConfig                            0x0800187d   Thumb Code    70  stm32f10x_rcc.o(.text)
    RCC_GetFlagStatus                        0x080018c3   Thumb Code    56  stm32f10x_rcc.o(.text)
    RCC_WaitForHSEStartUp                    0x080018fb   Thumb Code    56  stm32f10x_rcc.o(.text)
    RCC_AdjustHSICalibrationValue            0x08001933   Thumb Code    20  stm32f10x_rcc.o(.text)
    RCC_HSICmd                               0x08001947   Thumb Code     6  stm32f10x_rcc.o(.text)
    RCC_PLLConfig                            0x0800194d   Thumb Code    24  stm32f10x_rcc.o(.text)
    RCC_PLLCmd                               0x08001965   Thumb Code     6  stm32f10x_rcc.o(.text)
    RCC_SYSCLKConfig                         0x0800196b   Thumb Code    18  stm32f10x_rcc.o(.text)
    RCC_GetSYSCLKSource                      0x0800197d   Thumb Code    10  stm32f10x_rcc.o(.text)
    RCC_HCLKConfig                           0x08001987   Thumb Code    18  stm32f10x_rcc.o(.text)
    RCC_PCLK1Config                          0x08001999   Thumb Code    18  stm32f10x_rcc.o(.text)
    RCC_PCLK2Config                          0x080019ab   Thumb Code    20  stm32f10x_rcc.o(.text)
    RCC_ITConfig                             0x080019bf   Thumb Code    26  stm32f10x_rcc.o(.text)
    RCC_USBCLKConfig                         0x080019d9   Thumb Code     8  stm32f10x_rcc.o(.text)
    RCC_ADCCLKConfig                         0x080019e1   Thumb Code    18  stm32f10x_rcc.o(.text)
    RCC_LSEConfig                            0x080019f3   Thumb Code    50  stm32f10x_rcc.o(.text)
    RCC_LSICmd                               0x08001a25   Thumb Code     6  stm32f10x_rcc.o(.text)
    RCC_RTCCLKConfig                         0x08001a2b   Thumb Code    12  stm32f10x_rcc.o(.text)
    RCC_RTCCLKCmd                            0x08001a37   Thumb Code     8  stm32f10x_rcc.o(.text)
    RCC_GetClocksFreq                        0x08001a3f   Thumb Code   192  stm32f10x_rcc.o(.text)
    RCC_AHBPeriphClockCmd                    0x08001aff   Thumb Code    26  stm32f10x_rcc.o(.text)
    RCC_APB2PeriphClockCmd                   0x08001b19   Thumb Code    26  stm32f10x_rcc.o(.text)
    RCC_APB1PeriphClockCmd                   0x08001b33   Thumb Code    26  stm32f10x_rcc.o(.text)
    RCC_APB2PeriphResetCmd                   0x08001b4d   Thumb Code    26  stm32f10x_rcc.o(.text)
    RCC_APB1PeriphResetCmd                   0x08001b67   Thumb Code    26  stm32f10x_rcc.o(.text)
    RCC_BackupResetCmd                       0x08001b81   Thumb Code     8  stm32f10x_rcc.o(.text)
    RCC_ClockSecuritySystemCmd               0x08001b89   Thumb Code     6  stm32f10x_rcc.o(.text)
    RCC_MCOConfig                            0x08001b8f   Thumb Code     6  stm32f10x_rcc.o(.text)
    RCC_ClearFlag                            0x08001b95   Thumb Code    14  stm32f10x_rcc.o(.text)
    RCC_GetITStatus                          0x08001ba3   Thumb Code    20  stm32f10x_rcc.o(.text)
    RCC_ClearITPendingBit                    0x08001bb7   Thumb Code     6  stm32f10x_rcc.o(.text)
    TIM_DeInit                               0x08001be1   Thumb Code   424  stm32f10x_tim.o(.text)
    TIM_TimeBaseInit                         0x08001d89   Thumb Code   122  stm32f10x_tim.o(.text)
    TIM_OC1Init                              0x08001e03   Thumb Code   132  stm32f10x_tim.o(.text)
    TIM_OC2Init                              0x08001e87   Thumb Code   154  stm32f10x_tim.o(.text)
    TIM_OC3Init                              0x08001f21   Thumb Code   150  stm32f10x_tim.o(.text)
    TIM_OC4Init                              0x08001fb7   Thumb Code   182  stm32f10x_tim.o(.text)
    TIM_SetIC4Prescaler                      0x0800206d   Thumb Code    26  stm32f10x_tim.o(.text)
    TIM_SetIC3Prescaler                      0x08002109   Thumb Code    18  stm32f10x_tim.o(.text)
    TIM_SetIC2Prescaler                      0x08002195   Thumb Code    26  stm32f10x_tim.o(.text)
    TIM_SetIC1Prescaler                      0x08002231   Thumb Code    18  stm32f10x_tim.o(.text)
    TIM_ICInit                               0x080022af   Thumb Code   150  stm32f10x_tim.o(.text)
    TIM_PWMIConfig                           0x08002345   Thumb Code   124  stm32f10x_tim.o(.text)
    TIM_BDTRConfig                           0x080023c1   Thumb Code    32  stm32f10x_tim.o(.text)
    TIM_TimeBaseStructInit                   0x080023e1   Thumb Code    18  stm32f10x_tim.o(.text)
    TIM_OCStructInit                         0x080023f3   Thumb Code    20  stm32f10x_tim.o(.text)
    TIM_ICStructInit                         0x08002407   Thumb Code    18  stm32f10x_tim.o(.text)
    TIM_BDTRStructInit                       0x08002419   Thumb Code    40  stm32f10x_tim.o(.text)
    TIM_Cmd                                  0x08002441   Thumb Code    24  stm32f10x_tim.o(.text)
    TIM_CtrlPWMOutputs                       0x08002459   Thumb Code    30  stm32f10x_tim.o(.text)
    TIM_ITConfig                             0x08002477   Thumb Code    18  stm32f10x_tim.o(.text)
    TIM_GenerateEvent                        0x08002489   Thumb Code     4  stm32f10x_tim.o(.text)
    TIM_DMAConfig                            0x0800248d   Thumb Code    10  stm32f10x_tim.o(.text)
    TIM_DMACmd                               0x08002497   Thumb Code    18  stm32f10x_tim.o(.text)
    TIM_InternalClockConfig                  0x080024a9   Thumb Code    12  stm32f10x_tim.o(.text)
    TIM_SelectInputTrigger                   0x080024b5   Thumb Code    18  stm32f10x_tim.o(.text)
    TIM_ITRxExternalClockConfig              0x080024c7   Thumb Code    24  stm32f10x_tim.o(.text)
    TIM_TIxExternalClockConfig               0x080024df   Thumb Code    62  stm32f10x_tim.o(.text)
    TIM_ETRConfig                            0x0800251d   Thumb Code    28  stm32f10x_tim.o(.text)
    TIM_ETRClockMode1Config                  0x08002539   Thumb Code    54  stm32f10x_tim.o(.text)
    TIM_ETRClockMode2Config                  0x0800256f   Thumb Code    32  stm32f10x_tim.o(.text)
    TIM_PrescalerConfig                      0x0800258f   Thumb Code     6  stm32f10x_tim.o(.text)
    TIM_CounterModeConfig                    0x08002595   Thumb Code    18  stm32f10x_tim.o(.text)
    TIM_EncoderInterfaceConfig               0x080025a7   Thumb Code    66  stm32f10x_tim.o(.text)
    TIM_ForcedOC1Config                      0x080025e9   Thumb Code    18  stm32f10x_tim.o(.text)
    TIM_ForcedOC2Config                      0x080025fb   Thumb Code    26  stm32f10x_tim.o(.text)
    TIM_ForcedOC3Config                      0x08002615   Thumb Code    18  stm32f10x_tim.o(.text)
    TIM_ForcedOC4Config                      0x08002627   Thumb Code    26  stm32f10x_tim.o(.text)
    TIM_ARRPreloadConfig                     0x08002641   Thumb Code    24  stm32f10x_tim.o(.text)
    TIM_SelectCOM                            0x08002659   Thumb Code    24  stm32f10x_tim.o(.text)
    TIM_SelectCCDMA                          0x08002671   Thumb Code    24  stm32f10x_tim.o(.text)
    TIM_CCPreloadControl                     0x08002689   Thumb Code    24  stm32f10x_tim.o(.text)
    TIM_OC1PreloadConfig                     0x080026a1   Thumb Code    18  stm32f10x_tim.o(.text)
    TIM_OC2PreloadConfig                     0x080026b3   Thumb Code    26  stm32f10x_tim.o(.text)
    TIM_OC3PreloadConfig                     0x080026cd   Thumb Code    18  stm32f10x_tim.o(.text)
    TIM_OC4PreloadConfig                     0x080026df   Thumb Code    26  stm32f10x_tim.o(.text)
    TIM_OC1FastConfig                        0x080026f9   Thumb Code    18  stm32f10x_tim.o(.text)
    TIM_OC2FastConfig                        0x0800270b   Thumb Code    26  stm32f10x_tim.o(.text)
    TIM_OC3FastConfig                        0x08002725   Thumb Code    18  stm32f10x_tim.o(.text)
    TIM_OC4FastConfig                        0x08002737   Thumb Code    26  stm32f10x_tim.o(.text)
    TIM_ClearOC1Ref                          0x08002751   Thumb Code    18  stm32f10x_tim.o(.text)
    TIM_ClearOC2Ref                          0x08002763   Thumb Code    24  stm32f10x_tim.o(.text)
    TIM_ClearOC3Ref                          0x0800277b   Thumb Code    18  stm32f10x_tim.o(.text)
    TIM_ClearOC4Ref                          0x0800278d   Thumb Code    24  stm32f10x_tim.o(.text)
    TIM_OC1PolarityConfig                    0x080027a5   Thumb Code    18  stm32f10x_tim.o(.text)
    TIM_OC1NPolarityConfig                   0x080027b7   Thumb Code    18  stm32f10x_tim.o(.text)
    TIM_OC2PolarityConfig                    0x080027c9   Thumb Code    26  stm32f10x_tim.o(.text)
    TIM_OC2NPolarityConfig                   0x080027e3   Thumb Code    26  stm32f10x_tim.o(.text)
    TIM_OC3PolarityConfig                    0x080027fd   Thumb Code    26  stm32f10x_tim.o(.text)
    TIM_OC3NPolarityConfig                   0x08002817   Thumb Code    26  stm32f10x_tim.o(.text)
    TIM_OC4PolarityConfig                    0x08002831   Thumb Code    26  stm32f10x_tim.o(.text)
    TIM_CCxCmd                               0x0800284b   Thumb Code    30  stm32f10x_tim.o(.text)
    TIM_CCxNCmd                              0x08002869   Thumb Code    30  stm32f10x_tim.o(.text)
    TIM_SelectOCxM                           0x08002887   Thumb Code    82  stm32f10x_tim.o(.text)
    TIM_UpdateDisableConfig                  0x080028d9   Thumb Code    24  stm32f10x_tim.o(.text)
    TIM_UpdateRequestConfig                  0x080028f1   Thumb Code    24  stm32f10x_tim.o(.text)
    TIM_SelectHallSensor                     0x08002909   Thumb Code    24  stm32f10x_tim.o(.text)
    TIM_SelectOnePulseMode                   0x08002921   Thumb Code    18  stm32f10x_tim.o(.text)
    TIM_SelectOutputTrigger                  0x08002933   Thumb Code    18  stm32f10x_tim.o(.text)
    TIM_SelectSlaveMode                      0x08002945   Thumb Code    18  stm32f10x_tim.o(.text)
    TIM_SelectMasterSlaveMode                0x08002957   Thumb Code    18  stm32f10x_tim.o(.text)
    TIM_SetCounter                           0x08002969   Thumb Code     4  stm32f10x_tim.o(.text)
    TIM_SetAutoreload                        0x0800296d   Thumb Code     4  stm32f10x_tim.o(.text)
    TIM_SetCompare1                          0x08002971   Thumb Code     4  stm32f10x_tim.o(.text)
    TIM_SetCompare2                          0x08002975   Thumb Code     4  stm32f10x_tim.o(.text)
    TIM_SetCompare3                          0x08002979   Thumb Code     4  stm32f10x_tim.o(.text)
    TIM_SetCompare4                          0x0800297d   Thumb Code     6  stm32f10x_tim.o(.text)
    TIM_SetClockDivision                     0x08002983   Thumb Code    18  stm32f10x_tim.o(.text)
    TIM_GetCapture1                          0x08002995   Thumb Code     6  stm32f10x_tim.o(.text)
    TIM_GetCapture2                          0x0800299b   Thumb Code     6  stm32f10x_tim.o(.text)
    TIM_GetCapture3                          0x080029a1   Thumb Code     6  stm32f10x_tim.o(.text)
    TIM_GetCapture4                          0x080029a7   Thumb Code     8  stm32f10x_tim.o(.text)
    TIM_GetCounter                           0x080029af   Thumb Code     6  stm32f10x_tim.o(.text)
    TIM_GetPrescaler                         0x080029b5   Thumb Code     6  stm32f10x_tim.o(.text)
    TIM_GetFlagStatus                        0x080029bb   Thumb Code    18  stm32f10x_tim.o(.text)
    TIM_ClearFlag                            0x080029cd   Thumb Code     6  stm32f10x_tim.o(.text)
    TIM_GetITStatus                          0x080029d3   Thumb Code    34  stm32f10x_tim.o(.text)
    TIM_ClearITPendingBit                    0x080029f5   Thumb Code     6  stm32f10x_tim.o(.text)
    USART_DeInit                             0x080029fd   Thumb Code   134  stm32f10x_usart.o(.text)
    USART_Init                               0x08002a83   Thumb Code   210  stm32f10x_usart.o(.text)
    USART_StructInit                         0x08002b55   Thumb Code    24  stm32f10x_usart.o(.text)
    USART_ClockInit                          0x08002b6d   Thumb Code    34  stm32f10x_usart.o(.text)
    USART_ClockStructInit                    0x08002b8f   Thumb Code    12  stm32f10x_usart.o(.text)
    USART_Cmd                                0x08002b9b   Thumb Code    24  stm32f10x_usart.o(.text)
    USART_ITConfig                           0x08002bb3   Thumb Code    74  stm32f10x_usart.o(.text)
    USART_DMACmd                             0x08002bfd   Thumb Code    18  stm32f10x_usart.o(.text)
    USART_SetAddress                         0x08002c0f   Thumb Code    18  stm32f10x_usart.o(.text)
    USART_WakeUpConfig                       0x08002c21   Thumb Code    18  stm32f10x_usart.o(.text)
    USART_ReceiverWakeUpCmd                  0x08002c33   Thumb Code    24  stm32f10x_usart.o(.text)
    USART_LINBreakDetectLengthConfig         0x08002c4b   Thumb Code    18  stm32f10x_usart.o(.text)
    USART_LINCmd                             0x08002c5d   Thumb Code    24  stm32f10x_usart.o(.text)
    USART_SendData                           0x08002c75   Thumb Code     8  stm32f10x_usart.o(.text)
    USART_ReceiveData                        0x08002c7d   Thumb Code    10  stm32f10x_usart.o(.text)
    USART_SendBreak                          0x08002c87   Thumb Code    10  stm32f10x_usart.o(.text)
    USART_SetGuardTime                       0x08002c91   Thumb Code    16  stm32f10x_usart.o(.text)
    USART_SetPrescaler                       0x08002ca1   Thumb Code    16  stm32f10x_usart.o(.text)
    USART_SmartCardCmd                       0x08002cb1   Thumb Code    24  stm32f10x_usart.o(.text)
    USART_SmartCardNACKCmd                   0x08002cc9   Thumb Code    24  stm32f10x_usart.o(.text)
    USART_HalfDuplexCmd                      0x08002ce1   Thumb Code    24  stm32f10x_usart.o(.text)
    USART_OverSampling8Cmd                   0x08002cf9   Thumb Code    22  stm32f10x_usart.o(.text)
    USART_OneBitMethodCmd                    0x08002d0f   Thumb Code    24  stm32f10x_usart.o(.text)
    USART_IrDAConfig                         0x08002d27   Thumb Code    18  stm32f10x_usart.o(.text)
    USART_IrDACmd                            0x08002d39   Thumb Code    24  stm32f10x_usart.o(.text)
    USART_GetFlagStatus                      0x08002d51   Thumb Code    26  stm32f10x_usart.o(.text)
    USART_ClearFlag                          0x08002d6b   Thumb Code    18  stm32f10x_usart.o(.text)
    USART_GetITStatus                        0x08002d7d   Thumb Code    84  stm32f10x_usart.o(.text)
    USART_ClearITPendingBit                  0x08002dd1   Thumb Code    52  stm32f10x_usart.o(.text)
    __use_no_semihosting                     0x08002e05   Thumb Code     2  use_no_semi_2.o(.text)
    __c89vsprintf                            0x08002e09   Thumb Code    32  c89vsprintf.o(.text)
    strlen                                   0x08002e2d   Thumb Code    62  strlen.o(.text)
    strcmp                                   0x08002e6d   Thumb Code   128  strcmpv7m.o(.text)
    __use_two_region_memory                  0x08002eed   Thumb Code     2  heapauxi.o(.text)
    __rt_heap_escrow$2region                 0x08002eef   Thumb Code     2  heapauxi.o(.text)
    __rt_heap_expand$2region                 0x08002ef1   Thumb Code     2  heapauxi.o(.text)
    __I$use$semihosting                      0x08002ef3   Thumb Code     0  use_no_semi.o(.text)
    __use_no_semihosting_swi                 0x08002ef3   Thumb Code     2  use_no_semi.o(.text)
    __read_errno                             0x08002ef5   Thumb Code    10  _rserrno.o(.text)
    __set_errno                              0x08002eff   Thumb Code    12  _rserrno.o(.text)
    _printf_pre_padding                      0x08002f0b   Thumb Code    44  _printf_pad.o(.text)
    _printf_post_padding                     0x08002f37   Thumb Code    34  _printf_pad.o(.text)
    _printf_truncate_signed                  0x08002f59   Thumb Code    18  _printf_truncate.o(.text)
    _printf_truncate_unsigned                0x08002f6b   Thumb Code    18  _printf_truncate.o(.text)
    _printf_str                              0x08002f7d   Thumb Code    82  _printf_str.o(.text)
    _printf_int_dec                          0x08002fd1   Thumb Code   104  _printf_dec.o(.text)
    _printf_charcount                        0x08003049   Thumb Code    40  _printf_charcount.o(.text)
    _printf_char_common                      0x0800307b   Thumb Code    32  _printf_char_common.o(.text)
    _sputc                                   0x080030a1   Thumb Code    10  _sputc.o(.text)
    _printf_wctomb                           0x080030ad   Thumb Code   182  _printf_wctomb.o(.text)
    _printf_longlong_dec                     0x08003169   Thumb Code   108  _printf_longlong_dec.o(.text)
    _printf_longlong_oct                     0x080031e5   Thumb Code    68  _printf_oct_int_ll.o(.text)
    _printf_int_oct                          0x08003229   Thumb Code    24  _printf_oct_int_ll.o(.text)
    _printf_ll_oct                           0x08003241   Thumb Code    12  _printf_oct_int_ll.o(.text)
    _printf_longlong_hex                     0x08003255   Thumb Code    86  _printf_hex_int_ll_ptr.o(.text)
    _printf_int_hex                          0x080032ab   Thumb Code    28  _printf_hex_int_ll_ptr.o(.text)
    _printf_ll_hex                           0x080032c7   Thumb Code    12  _printf_hex_int_ll_ptr.o(.text)
    _printf_hex_ptr                          0x080032d3   Thumb Code    18  _printf_hex_int_ll_ptr.o(.text)
    __printf                                 0x080032e9   Thumb Code   388  __printf_flags_ss_wp.o(.text)
    __strtod_int                             0x080034ad   Thumb Code    88  strtod.o(.text)
    __aeabi_errno_addr                       0x08003511   Thumb Code     8  rt_errno_addr_intlibspace.o(.text)
    __errno$intlibspace                      0x08003511   Thumb Code     0  rt_errno_addr_intlibspace.o(.text)
    __rt_errno_addr$intlibspace              0x08003511   Thumb Code     0  rt_errno_addr_intlibspace.o(.text)
    _ll_udiv10                               0x08003519   Thumb Code   138  lludiv10.o(.text)
    isspace                                  0x080035a3   Thumb Code    18  isspace.o(.text)
    _printf_int_common                       0x080035b5   Thumb Code   178  _printf_intcommon.o(.text)
    __lib_sel_fp_printf                      0x08003667   Thumb Code     2  _printf_fp_dec.o(.text)
    _printf_fp_dec_real                      0x08003815   Thumb Code   620  _printf_fp_dec.o(.text)
    _printf_cs_common                        0x08003a81   Thumb Code    20  _printf_char.o(.text)
    _printf_char                             0x08003a95   Thumb Code    16  _printf_char.o(.text)
    _printf_string                           0x08003aa5   Thumb Code     8  _printf_char.o(.text)
    _printf_lcs_common                       0x08003aad   Thumb Code    20  _printf_wchar.o(.text)
    _printf_wchar                            0x08003ac1   Thumb Code    16  _printf_wchar.o(.text)
    _printf_wstring                          0x08003ad1   Thumb Code     8  _printf_wchar.o(.text)
    _sgetc                                   0x08003ad9   Thumb Code    30  _sgetc.o(.text)
    _sbackspace                              0x08003af7   Thumb Code    34  _sgetc.o(.text)
    _wcrtomb                                 0x08003b19   Thumb Code    64  _wcrtomb.o(.text)
    __user_libspace                          0x08003b59   Thumb Code     8  libspace.o(.text)
    __user_perproc_libspace                  0x08003b59   Thumb Code     0  libspace.o(.text)
    __user_perthread_libspace                0x08003b59   Thumb Code     0  libspace.o(.text)
    __user_setup_stackheap                   0x08003b61   Thumb Code    74  sys_stackheap_outer.o(.text)
    __rt_ctype_table                         0x08003bad   Thumb Code    16  rt_ctype_table.o(.text)
    __rt_locale                              0x08003bbd   Thumb Code     8  rt_locale_intlibspace.o(.text)
    _printf_fp_infnan                        0x08003bc5   Thumb Code   112  _printf_fp_infnan.o(.text)
    _scanf_really_real                       0x08003e41   Thumb Code   668  scanf_fp.o(.text)
    _btod_etento                             0x080040e9   Thumb Code   216  bigflt0.o(.text)
    exit                                     0x080041c5   Thumb Code    12  exit.o(.text)
    _scanf_really_hex_real                   0x080041d1   Thumb Code   778  scanf_hexfp.o(.text)
    _scanf_really_infnan                     0x080044e9   Thumb Code   292  scanf_infnan.o(.text)
    __aeabi_llsl                             0x0800461d   Thumb Code     0  llshl.o(.text)
    _ll_shift_l                              0x0800461d   Thumb Code    38  llshl.o(.text)
    _chval                                   0x08004643   Thumb Code    28  _chval.o(.text)
    _btod_d2e                                0x0800465f   Thumb Code    62  btod.o(CL$$btod_d2e)
    _d2e_denorm_low                          0x0800469d   Thumb Code    70  btod.o(CL$$btod_d2e_denorm_low)
    _d2e_norm_op1                            0x080046e3   Thumb Code    96  btod.o(CL$$btod_d2e_norm_op1)
    __btod_div_common                        0x08004743   Thumb Code   696  btod.o(CL$$btod_div_common)
    _e2d                                     0x08004a7d   Thumb Code    80  btod.o(CL$$btod_e2d)
    _e2e                                     0x08004ad1   Thumb Code   198  btod.o(CL$$btod_e2e)
    _btod_ediv                               0x08004b97   Thumb Code    40  btod.o(CL$$btod_ediv)
    _btod_edivd                              0x08004bbf   Thumb Code    40  btod.o(CL$$btod_edivd)
    _btod_emul                               0x08004be7   Thumb Code    40  btod.o(CL$$btod_emul)
    _btod_emuld                              0x08004c0f   Thumb Code    40  btod.o(CL$$btod_emuld)
    __btod_mult_common                       0x08004c37   Thumb Code   580  btod.o(CL$$btod_mult_common)
    __ARM_fpclassify                         0x08004e7b   Thumb Code    40  fpclassify.o(i.__ARM_fpclassify)
    __kernel_poly                            0x08004ea3   Thumb Code   170  poly.o(i.__kernel_poly)
    __mathlib_dbl_infnan                     0x08004f4d   Thumb Code     6  dunder.o(i.__mathlib_dbl_infnan)
    __mathlib_dbl_invalid                    0x08004f53   Thumb Code    12  dunder.o(i.__mathlib_dbl_invalid)
    __mathlib_dbl_overflow                   0x08004f5f   Thumb Code    14  dunder.o(i.__mathlib_dbl_overflow)
    __mathlib_dbl_underflow                  0x08004f6d   Thumb Code    10  dunder.o(i.__mathlib_dbl_underflow)
    __mathlib_narrow                         0x08004f7d   Thumb Code    16  narrow.o(i.__mathlib_narrow)
    __mathlib_tofloat                        0x08004f8d   Thumb Code   132  narrow.o(i.__mathlib_tofloat)
    __support_ldexp                          0x08005015   Thumb Code    22  ldexp.o(i.__support_ldexp)
    _is_digit                                0x0800502b   Thumb Code    14  __printf_wp.o(i._is_digit)
    acos                                     0x08005039   Thumb Code   574  acos.o(i.acos)
    atan                                     0x080052b5   Thumb Code   474  atan.o(i.atan)
    atof                                     0x080054d5   Thumb Code    42  atof.o(i.atof)
    frexp                                    0x08005501   Thumb Code    80  frexp.o(i.frexp)
    ldexp                                    0x08005559   Thumb Code   116  ldexp.o(i.ldexp)
    sqrt                                     0x080055cd   Thumb Code    76  sqrt.o(i.sqrt)
    _get_lc_numeric                          0x08005619   Thumb Code    44  lc_numeric_c.o(locale$$code)
    _get_lc_ctype                            0x08005645   Thumb Code    44  lc_ctype_c.o(locale$$code)
    __aeabi_d2f                              0x08005671   Thumb Code     0  d2f.o(x$fpl$d2f)
    _d2f                                     0x08005671   Thumb Code    98  d2f.o(x$fpl$d2f)
    __aeabi_dadd                             0x080056d5   Thumb Code     0  daddsub_clz.o(x$fpl$dadd)
    _dadd                                    0x080056d5   Thumb Code   332  daddsub_clz.o(x$fpl$dadd)
    __fpl_dcheck_NaN1                        0x08005825   Thumb Code    10  dcheck1.o(x$fpl$dcheck1)
    __fpl_dcmp_Inf                           0x08005835   Thumb Code    24  dcmpi.o(x$fpl$dcmpinf)
    __aeabi_ddiv                             0x0800584d   Thumb Code     0  ddiv.o(x$fpl$ddiv)
    _ddiv                                    0x0800584d   Thumb Code   552  ddiv.o(x$fpl$ddiv)
    __aeabi_cdcmpeq                          0x08005afd   Thumb Code     0  deqf.o(x$fpl$deqf)
    _dcmpeq                                  0x08005afd   Thumb Code   120  deqf.o(x$fpl$deqf)
    __aeabi_d2iz                             0x08005b75   Thumb Code     0  dfix.o(x$fpl$dfix)
    _dfix                                    0x08005b75   Thumb Code    94  dfix.o(x$fpl$dfix)
    __aeabi_i2d                              0x08005bd3   Thumb Code     0  dflt_clz.o(x$fpl$dflt)
    _dflt                                    0x08005bd3   Thumb Code    46  dflt_clz.o(x$fpl$dflt)
    __aeabi_cdcmple                          0x08005c01   Thumb Code     0  dleqf.o(x$fpl$dleqf)
    _dcmple                                  0x08005c01   Thumb Code   120  dleqf.o(x$fpl$dleqf)
    __fpl_dcmple_InfNaN                      0x08005c63   Thumb Code     0  dleqf.o(x$fpl$dleqf)
    __aeabi_dmul                             0x08005c79   Thumb Code     0  dmul.o(x$fpl$dmul)
    _dmul                                    0x08005c79   Thumb Code   332  dmul.o(x$fpl$dmul)
    __fpl_dnaninf                            0x08005dcd   Thumb Code   156  dnaninf.o(x$fpl$dnaninf)
    __fpl_dretinf                            0x08005e69   Thumb Code    12  dretinf.o(x$fpl$dretinf)
    __aeabi_cdrcmple                         0x08005e75   Thumb Code     0  drleqf.o(x$fpl$drleqf)
    _drcmple                                 0x08005e75   Thumb Code   108  drleqf.o(x$fpl$drleqf)
    __aeabi_drsub                            0x08005ee1   Thumb Code     0  daddsub_clz.o(x$fpl$drsb)
    _drsb                                    0x08005ee1   Thumb Code    22  daddsub_clz.o(x$fpl$drsb)
    _dsqrt                                   0x08005ef9   Thumb Code   456  dsqrt_noumaal.o(x$fpl$dsqrt)
    __aeabi_dsub                             0x080060c5   Thumb Code     0  daddsub_clz.o(x$fpl$dsub)
    _dsub                                    0x080060c5   Thumb Code   464  daddsub_clz.o(x$fpl$dsub)
    __fpl_fretinf                            0x08006299   Thumb Code    10  fretinf.o(x$fpl$fretinf)
    _printf_fp_dec                           0x080062a3   Thumb Code     4  printf1.o(x$fpl$printf1)
    __fpl_return_NaN                         0x080062a7   Thumb Code   100  retnan.o(x$fpl$retnan)
    __ARM_scalbn                             0x0800630b   Thumb Code    92  scalbn.o(x$fpl$scalbn)
    _scanf_real                              0x08006367   Thumb Code     4  scanf1.o(x$fpl$scanf1)
    _scanf_hex_real                          0x0800636b   Thumb Code     4  scanf2.o(x$fpl$scanf2)
    _scanf_infnan                            0x0800636f   Thumb Code     4  scanf2.o(x$fpl$scanf2)
    __fpl_cmpreturn                          0x08006373   Thumb Code    48  trapv.o(x$fpl$trapveneer)
    __I$use$fp                               0x080063a2   Number         0  usenofp.o(x$fpl$usenofp)
    Region$$Table$$Base                      0x08006568   Number         0  anon$$obj.o(Region$$Table)
    Region$$Table$$Limit                     0x08006588   Number         0  anon$$obj.o(Region$$Table)
    __aeabi_HUGE_VAL                         0x08006588   Data           0  fpconst.o(c$$dinf)
    __aeabi_HUGE_VALL                        0x08006588   Data           0  fpconst.o(c$$dinf)
    __aeabi_INFINITY                         0x08006588   Data           0  fpconst.o(c$$dinf)
    __dInf                                   0x08006588   Data           0  fpconst.o(c$$dinf)
    __huge_val                               0x08006588   Data           0  fpconst.o(c$$dinf)
    __ctype                                  0x080065b9   Data           0  lc_ctype_c.o(locale$$data)
    length                                   0x20000000   Data           4  main.o(.data)
    k                                        0x20000004   Data           4  main.o(.data)
    x                                        0x20000008   Data           8  main.o(.data)
    y                                        0x20000010   Data           8  main.o(.data)
    z                                        0x20000018   Data           8  main.o(.data)
    SystemCoreClock                          0x20000020   Data           4  system_stm32f10x.o(.data)
    AHBPrescTable                            0x20000024   Data          16  system_stm32f10x.o(.data)
    angle1                                   0x20000038   Data           8  arm.o(.data)
    angle2                                   0x20000040   Data           8  arm.o(.data)
    angle3                                   0x20000048   Data           8  arm.o(.data)
    USART3_RX_STA                            0x20000050   Data           2  usart3.o(.data)
    __stdout                                 0x20000058   Data           4  usart.o(.data)
    USART_RX_STA                             0x2000005c   Data           2  usart.o(.data)
    motor                                    0x20000074   Data          48  timer.o(.bss)
    USART3_RX_BUF                            0x200000a4   Data         600  usart3.o(.bss)
    USART3_TX_BUF                            0x200002fc   Data         600  usart3.o(.bss)
    USART_RX_BUF                             0x20000554   Data         200  usart.o(.bss)
    __libspace_start                         0x2000061c   Data          96  libspace.o(.bss)
    __temporary_stack_top$libspace           0x2000067c   Data           0  libspace.o(.bss)



==============================================================================

Memory Map of the image

  Image Entry point : 0x08000131

  Load Region LR_IROM1 (Base: 0x08000000, Size: 0x00006730, Max: 0x00080000, ABSOLUTE)

    Execution Region ER_IROM1 (Base: 0x08000000, Size: 0x000066bc, Max: 0x00080000, ABSOLUTE)

    Base Addr    Size         Type   Attr      Idx    E Section Name        Object

    0x08000000   0x00000130   Data   RO          375    RESET               startup_stm32f10x_hd.o
    0x08000130   0x00000008   Code   RO          454  * !!!main             c_w.l(__main.o)
    0x08000138   0x00000034   Code   RO          914    !!!scatter          c_w.l(__scatter.o)
    0x0800016c   0x0000001a   Code   RO          916    !!handler_copy      c_w.l(__scatter_copy.o)
    0x08000186   0x00000002   PAD
    0x08000188   0x0000001c   Code   RO          918    !!handler_zi        c_w.l(__scatter_zi.o)
    0x080001a4   0x00000000   Code   RO          602    .ARM.Collect$$_printf_percent$$00000000  c_w.l(_printf_percent.o)
    0x080001a4   0x00000006   Code   RO          591    .ARM.Collect$$_printf_percent$$00000001  c_w.l(_printf_n.o)
    0x080001aa   0x00000006   Code   RO          593    .ARM.Collect$$_printf_percent$$00000002  c_w.l(_printf_p.o)
    0x080001b0   0x00000006   Code   RO          598    .ARM.Collect$$_printf_percent$$00000003  c_w.l(_printf_f.o)
    0x080001b6   0x00000006   Code   RO          599    .ARM.Collect$$_printf_percent$$00000004  c_w.l(_printf_e.o)
    0x080001bc   0x00000006   Code   RO          600    .ARM.Collect$$_printf_percent$$00000005  c_w.l(_printf_g.o)
    0x080001c2   0x00000006   Code   RO          601    .ARM.Collect$$_printf_percent$$00000006  c_w.l(_printf_a.o)
    0x080001c8   0x0000000a   Code   RO          606    .ARM.Collect$$_printf_percent$$00000007  c_w.l(_printf_ll.o)
    0x080001d2   0x00000006   Code   RO          595    .ARM.Collect$$_printf_percent$$00000008  c_w.l(_printf_i.o)
    0x080001d8   0x00000006   Code   RO          596    .ARM.Collect$$_printf_percent$$00000009  c_w.l(_printf_d.o)
    0x080001de   0x00000006   Code   RO          597    .ARM.Collect$$_printf_percent$$0000000A  c_w.l(_printf_u.o)
    0x080001e4   0x00000006   Code   RO          594    .ARM.Collect$$_printf_percent$$0000000B  c_w.l(_printf_o.o)
    0x080001ea   0x00000006   Code   RO          592    .ARM.Collect$$_printf_percent$$0000000C  c_w.l(_printf_x.o)
    0x080001f0   0x00000006   Code   RO          603    .ARM.Collect$$_printf_percent$$0000000D  c_w.l(_printf_lli.o)
    0x080001f6   0x00000006   Code   RO          604    .ARM.Collect$$_printf_percent$$0000000E  c_w.l(_printf_lld.o)
    0x080001fc   0x00000006   Code   RO          605    .ARM.Collect$$_printf_percent$$0000000F  c_w.l(_printf_llu.o)
    0x08000202   0x00000006   Code   RO          610    .ARM.Collect$$_printf_percent$$00000010  c_w.l(_printf_llo.o)
    0x08000208   0x00000006   Code   RO          611    .ARM.Collect$$_printf_percent$$00000011  c_w.l(_printf_llx.o)
    0x0800020e   0x0000000a   Code   RO          607    .ARM.Collect$$_printf_percent$$00000012  c_w.l(_printf_l.o)
    0x08000218   0x00000006   Code   RO          589    .ARM.Collect$$_printf_percent$$00000013  c_w.l(_printf_c.o)
    0x0800021e   0x00000006   Code   RO          590    .ARM.Collect$$_printf_percent$$00000014  c_w.l(_printf_s.o)
    0x08000224   0x00000006   Code   RO          608    .ARM.Collect$$_printf_percent$$00000015  c_w.l(_printf_lc.o)
    0x0800022a   0x00000006   Code   RO          609    .ARM.Collect$$_printf_percent$$00000016  c_w.l(_printf_ls.o)
    0x08000230   0x00000004   Code   RO          679    .ARM.Collect$$_printf_percent$$00000017  c_w.l(_printf_percent_end.o)
    0x08000234   0x00000002   Code   RO          739    .ARM.Collect$$libinit$$00000000  c_w.l(libinit.o)
    0x08000236   0x00000000   Code   RO          741    .ARM.Collect$$libinit$$00000002  c_w.l(libinit2.o)
    0x08000236   0x00000000   Code   RO          743    .ARM.Collect$$libinit$$00000004  c_w.l(libinit2.o)
    0x08000236   0x00000000   Code   RO          746    .ARM.Collect$$libinit$$0000000A  c_w.l(libinit2.o)
    0x08000236   0x00000000   Code   RO          748    .ARM.Collect$$libinit$$0000000C  c_w.l(libinit2.o)
    0x08000236   0x00000000   Code   RO          750    .ARM.Collect$$libinit$$0000000E  c_w.l(libinit2.o)
    0x08000236   0x00000006   Code   RO          751    .ARM.Collect$$libinit$$0000000F  c_w.l(libinit2.o)
    0x0800023c   0x00000000   Code   RO          753    .ARM.Collect$$libinit$$00000011  c_w.l(libinit2.o)
    0x0800023c   0x0000000c   Code   RO          754    .ARM.Collect$$libinit$$00000012  c_w.l(libinit2.o)
    0x08000248   0x00000000   Code   RO          755    .ARM.Collect$$libinit$$00000013  c_w.l(libinit2.o)
    0x08000248   0x00000000   Code   RO          757    .ARM.Collect$$libinit$$00000015  c_w.l(libinit2.o)
    0x08000248   0x0000000a   Code   RO          758    .ARM.Collect$$libinit$$00000016  c_w.l(libinit2.o)
    0x08000252   0x00000000   Code   RO          759    .ARM.Collect$$libinit$$00000017  c_w.l(libinit2.o)
    0x08000252   0x00000000   Code   RO          761    .ARM.Collect$$libinit$$00000019  c_w.l(libinit2.o)
    0x08000252   0x00000000   Code   RO          763    .ARM.Collect$$libinit$$0000001B  c_w.l(libinit2.o)
    0x08000252   0x00000000   Code   RO          765    .ARM.Collect$$libinit$$0000001D  c_w.l(libinit2.o)
    0x08000252   0x00000000   Code   RO          767    .ARM.Collect$$libinit$$0000001F  c_w.l(libinit2.o)
    0x08000252   0x00000000   Code   RO          769    .ARM.Collect$$libinit$$00000021  c_w.l(libinit2.o)
    0x08000252   0x00000000   Code   RO          771    .ARM.Collect$$libinit$$00000023  c_w.l(libinit2.o)
    0x08000252   0x00000000   Code   RO          773    .ARM.Collect$$libinit$$00000025  c_w.l(libinit2.o)
    0x08000252   0x00000000   Code   RO          777    .ARM.Collect$$libinit$$0000002C  c_w.l(libinit2.o)
    0x08000252   0x00000000   Code   RO          779    .ARM.Collect$$libinit$$0000002E  c_w.l(libinit2.o)
    0x08000252   0x00000000   Code   RO          781    .ARM.Collect$$libinit$$00000030  c_w.l(libinit2.o)
    0x08000252   0x00000000   Code   RO          783    .ARM.Collect$$libinit$$00000032  c_w.l(libinit2.o)
    0x08000252   0x00000002   Code   RO          784    .ARM.Collect$$libinit$$00000033  c_w.l(libinit2.o)
    0x08000254   0x00000002   Code   RO          850    .ARM.Collect$$libshutdown$$00000000  c_w.l(libshutdown.o)
    0x08000256   0x00000000   Code   RO          874    .ARM.Collect$$libshutdown$$00000003  c_w.l(libshutdown2.o)
    0x08000256   0x00000000   Code   RO          877    .ARM.Collect$$libshutdown$$00000006  c_w.l(libshutdown2.o)
    0x08000256   0x00000000   Code   RO          880    .ARM.Collect$$libshutdown$$00000009  c_w.l(libshutdown2.o)
    0x08000256   0x00000000   Code   RO          882    .ARM.Collect$$libshutdown$$0000000B  c_w.l(libshutdown2.o)
    0x08000256   0x00000000   Code   RO          885    .ARM.Collect$$libshutdown$$0000000E  c_w.l(libshutdown2.o)
    0x08000256   0x00000002   Code   RO          886    .ARM.Collect$$libshutdown$$0000000F  c_w.l(libshutdown2.o)
    0x08000258   0x00000000   Code   RO          518    .ARM.Collect$$rtentry$$00000000  c_w.l(__rtentry.o)
    0x08000258   0x00000000   Code   RO          646    .ARM.Collect$$rtentry$$00000002  c_w.l(__rtentry2.o)
    0x08000258   0x00000006   Code   RO          658    .ARM.Collect$$rtentry$$00000004  c_w.l(__rtentry4.o)
    0x0800025e   0x00000000   Code   RO          648    .ARM.Collect$$rtentry$$00000009  c_w.l(__rtentry2.o)
    0x0800025e   0x00000004   Code   RO          649    .ARM.Collect$$rtentry$$0000000A  c_w.l(__rtentry2.o)
    0x08000262   0x00000000   Code   RO          651    .ARM.Collect$$rtentry$$0000000C  c_w.l(__rtentry2.o)
    0x08000262   0x00000008   Code   RO          652    .ARM.Collect$$rtentry$$0000000D  c_w.l(__rtentry2.o)
    0x0800026a   0x00000002   Code   RO          789    .ARM.Collect$$rtexit$$00000000  c_w.l(rtexit.o)
    0x0800026c   0x00000000   Code   RO          816    .ARM.Collect$$rtexit$$00000002  c_w.l(rtexit2.o)
    0x0800026c   0x00000004   Code   RO          817    .ARM.Collect$$rtexit$$00000003  c_w.l(rtexit2.o)
    0x08000270   0x00000006   Code   RO          818    .ARM.Collect$$rtexit$$00000004  c_w.l(rtexit2.o)
    0x08000276   0x00000002   PAD
    0x08000278   0x00000254   Code   RO            1    .text               main.o
    0x080004cc   0x0000001a   Code   RO          149    .text               stm32f10x_it.o
    0x080004e6   0x00000002   PAD
    0x080004e8   0x000001e0   Code   RO          190    .text               system_stm32f10x.o
    0x080006c8   0x00000370   Code   RO          233    .text               timer.o
    0x08000a38   0x00000084   Code   RO          252    .text               io.o
    0x08000abc   0x00000578   Code   RO          264    .text               arm.o
    0x08001034   0x0000017c   Code   RO          283    .text               usart3.o
    0x080011b0   0x000000d4   Code   RO          309    .text               delay.o
    0x08001284   0x00000140   Code   RO          340    .text               usart.o
    0x080013c4   0x00000040   Code   RO          376    .text               startup_stm32f10x_hd.o
    0x08001404   0x000000dc   Code   RO          380    .text               misc.o
    0x080014e0   0x0000035c   Code   RO          392    .text               stm32f10x_gpio.o
    0x0800183c   0x000003a4   Code   RO          404    .text               stm32f10x_rcc.o
    0x08001be0   0x00000e1a   Code   RO          418    .text               stm32f10x_tim.o
    0x080029fa   0x00000002   PAD
    0x080029fc   0x00000408   Code   RO          430    .text               stm32f10x_usart.o
    0x08002e04   0x00000002   Code   RO          444    .text               c_w.l(use_no_semi_2.o)
    0x08002e06   0x00000002   PAD
    0x08002e08   0x00000024   Code   RO          446    .text               c_w.l(c89vsprintf.o)
    0x08002e2c   0x0000003e   Code   RO          448    .text               c_w.l(strlen.o)
    0x08002e6a   0x00000002   PAD
    0x08002e6c   0x00000080   Code   RO          450    .text               c_w.l(strcmpv7m.o)
    0x08002eec   0x00000006   Code   RO          452    .text               c_w.l(heapauxi.o)
    0x08002ef2   0x00000002   Code   RO          516    .text               c_w.l(use_no_semi.o)
    0x08002ef4   0x00000016   Code   RO          519    .text               c_w.l(_rserrno.o)
    0x08002f0a   0x0000004e   Code   RO          523    .text               c_w.l(_printf_pad.o)
    0x08002f58   0x00000024   Code   RO          525    .text               c_w.l(_printf_truncate.o)
    0x08002f7c   0x00000052   Code   RO          527    .text               c_w.l(_printf_str.o)
    0x08002fce   0x00000002   PAD
    0x08002fd0   0x00000078   Code   RO          529    .text               c_w.l(_printf_dec.o)
    0x08003048   0x00000028   Code   RO          531    .text               c_w.l(_printf_charcount.o)
    0x08003070   0x00000030   Code   RO          533    .text               c_w.l(_printf_char_common.o)
    0x080030a0   0x0000000a   Code   RO          535    .text               c_w.l(_sputc.o)
    0x080030aa   0x00000002   PAD
    0x080030ac   0x000000bc   Code   RO          537    .text               c_w.l(_printf_wctomb.o)
    0x08003168   0x0000007c   Code   RO          540    .text               c_w.l(_printf_longlong_dec.o)
    0x080031e4   0x00000070   Code   RO          546    .text               c_w.l(_printf_oct_int_ll.o)
    0x08003254   0x00000094   Code   RO          566    .text               c_w.l(_printf_hex_int_ll_ptr.o)
    0x080032e8   0x00000188   Code   RO          586    .text               c_w.l(__printf_flags_ss_wp.o)
    0x08003470   0x000000a0   Code   RO          612    .text               c_w.l(strtod.o)
    0x08003510   0x00000008   Code   RO          663    .text               c_w.l(rt_errno_addr_intlibspace.o)
    0x08003518   0x0000008a   Code   RO          665    .text               c_w.l(lludiv10.o)
    0x080035a2   0x00000012   Code   RO          667    .text               c_w.l(isspace.o)
    0x080035b4   0x000000b2   Code   RO          669    .text               c_w.l(_printf_intcommon.o)
    0x08003666   0x0000041a   Code   RO          671    .text               c_w.l(_printf_fp_dec.o)
    0x08003a80   0x0000002c   Code   RO          675    .text               c_w.l(_printf_char.o)
    0x08003aac   0x0000002c   Code   RO          677    .text               c_w.l(_printf_wchar.o)
    0x08003ad8   0x00000040   Code   RO          680    .text               c_w.l(_sgetc.o)
    0x08003b18   0x00000040   Code   RO          682    .text               c_w.l(_wcrtomb.o)
    0x08003b58   0x00000008   Code   RO          691    .text               c_w.l(libspace.o)
    0x08003b60   0x0000004a   Code   RO          694    .text               c_w.l(sys_stackheap_outer.o)
    0x08003baa   0x00000002   PAD
    0x08003bac   0x00000010   Code   RO          696    .text               c_w.l(rt_ctype_table.o)
    0x08003bbc   0x00000008   Code   RO          701    .text               c_w.l(rt_locale_intlibspace.o)
    0x08003bc4   0x00000080   Code   RO          703    .text               c_w.l(_printf_fp_infnan.o)
    0x08003c44   0x000004a4   Code   RO          705    .text               c_w.l(scanf_fp.o)
    0x080040e8   0x000000dc   Code   RO          707    .text               c_w.l(bigflt0.o)
    0x080041c4   0x0000000c   Code   RO          732    .text               c_w.l(exit.o)
    0x080041d0   0x00000318   Code   RO          822    .text               c_w.l(scanf_hexfp.o)
    0x080044e8   0x00000134   Code   RO          824    .text               c_w.l(scanf_infnan.o)
    0x0800461c   0x00000026   Code   RO          840    .text               c_w.l(llshl.o)
    0x08004642   0x0000001c   Code   RO          842    .text               c_w.l(_chval.o)
    0x0800465e   0x0000003e   Code   RO          710    CL$$btod_d2e        c_w.l(btod.o)
    0x0800469c   0x00000046   Code   RO          712    CL$$btod_d2e_denorm_low  c_w.l(btod.o)
    0x080046e2   0x00000060   Code   RO          711    CL$$btod_d2e_norm_op1  c_w.l(btod.o)
    0x08004742   0x00000338   Code   RO          720    CL$$btod_div_common  c_w.l(btod.o)
    0x08004a7a   0x00000002   PAD
    0x08004a7c   0x00000054   Code   RO          718    CL$$btod_e2d        c_w.l(btod.o)
    0x08004ad0   0x000000c6   Code   RO          717    CL$$btod_e2e        c_w.l(btod.o)
    0x08004b96   0x00000028   Code   RO          714    CL$$btod_ediv       c_w.l(btod.o)
    0x08004bbe   0x00000028   Code   RO          716    CL$$btod_edivd      c_w.l(btod.o)
    0x08004be6   0x00000028   Code   RO          713    CL$$btod_emul       c_w.l(btod.o)
    0x08004c0e   0x00000028   Code   RO          715    CL$$btod_emuld      c_w.l(btod.o)
    0x08004c36   0x00000244   Code   RO          719    CL$$btod_mult_common  c_w.l(btod.o)
    0x08004e7a   0x00000028   Code   RO          641    i.__ARM_fpclassify  m_ws.l(fpclassify.o)
    0x08004ea2   0x000000aa   Code   RO          643    i.__kernel_poly     m_ws.l(poly.o)
    0x08004f4c   0x00000006   Code   RO          628    i.__mathlib_dbl_infnan  m_ws.l(dunder.o)
    0x08004f52   0x0000000c   Code   RO          630    i.__mathlib_dbl_invalid  m_ws.l(dunder.o)
    0x08004f5e   0x0000000e   Code   RO          631    i.__mathlib_dbl_overflow  m_ws.l(dunder.o)
    0x08004f6c   0x00000010   Code   RO          633    i.__mathlib_dbl_underflow  m_ws.l(dunder.o)
    0x08004f7c   0x00000010   Code   RO          809    i.__mathlib_narrow  m_ws.l(narrow.o)
    0x08004f8c   0x00000088   Code   RO          810    i.__mathlib_tofloat  m_ws.l(narrow.o)
    0x08005014   0x00000016   Code   RO          854    i.__support_ldexp   m_ws.l(ldexp.o)
    0x0800502a   0x0000000e   Code   RO          579    i._is_digit         c_w.l(__printf_wp.o)
    0x08005038   0x0000027c   Code   RO          485    i.acos              m_ws.l(acos.o)
    0x080052b4   0x00000220   Code   RO          495    i.atan              m_ws.l(atan.o)
    0x080054d4   0x0000002a   Code   RO          505    i.atof              m_ws.l(atof.o)
    0x080054fe   0x00000002   PAD
    0x08005500   0x00000058   Code   RO          833    i.frexp             m_ws.l(frexp.o)
    0x08005558   0x00000074   Code   RO          855    i.ldexp             m_ws.l(ldexp.o)
    0x080055cc   0x0000004c   Code   RO          509    i.sqrt              m_ws.l(sqrt.o)
    0x08005618   0x0000002c   Code   RO          685    locale$$code        c_w.l(lc_numeric_c.o)
    0x08005644   0x0000002c   Code   RO          792    locale$$code        c_w.l(lc_ctype_c.o)
    0x08005670   0x00000062   Code   RO          830    x$fpl$d2f           fz_ws.l(d2f.o)
    0x080056d2   0x00000002   PAD
    0x080056d4   0x00000150   Code   RO          456    x$fpl$dadd          fz_ws.l(daddsub_clz.o)
    0x08005824   0x00000010   Code   RO          687    x$fpl$dcheck1       fz_ws.l(dcheck1.o)
    0x08005834   0x00000018   Code   RO          614    x$fpl$dcmpinf       fz_ws.l(dcmpi.o)
    0x0800584c   0x000002b0   Code   RO          463    x$fpl$ddiv          fz_ws.l(ddiv.o)
    0x08005afc   0x00000078   Code   RO          466    x$fpl$deqf          fz_ws.l(deqf.o)
    0x08005b74   0x0000005e   Code   RO          468    x$fpl$dfix          fz_ws.l(dfix.o)
    0x08005bd2   0x0000002e   Code   RO          473    x$fpl$dflt          fz_ws.l(dflt_clz.o)
    0x08005c00   0x00000078   Code   RO          478    x$fpl$dleqf         fz_ws.l(dleqf.o)
    0x08005c78   0x00000154   Code   RO          480    x$fpl$dmul          fz_ws.l(dmul.o)
    0x08005dcc   0x0000009c   Code   RO          616    x$fpl$dnaninf       fz_ws.l(dnaninf.o)
    0x08005e68   0x0000000c   Code   RO          618    x$fpl$dretinf       fz_ws.l(dretinf.o)
    0x08005e74   0x0000006c   Code   RO          482    x$fpl$drleqf        fz_ws.l(drleqf.o)
    0x08005ee0   0x00000016   Code   RO          457    x$fpl$drsb          fz_ws.l(daddsub_clz.o)
    0x08005ef6   0x00000002   PAD
    0x08005ef8   0x000001cc   Code   RO          620    x$fpl$dsqrt         fz_ws.l(dsqrt_noumaal.o)
    0x080060c4   0x000001d4   Code   RO          458    x$fpl$dsub          fz_ws.l(daddsub_clz.o)
    0x08006298   0x0000000a   Code   RO          851    x$fpl$fretinf       fz_ws.l(fretinf.o)
    0x080062a2   0x00000004   Code   RO          622    x$fpl$printf1       fz_ws.l(printf1.o)
    0x080062a6   0x00000064   Code   RO          787    x$fpl$retnan        fz_ws.l(retnan.o)
    0x0800630a   0x0000005c   Code   RO          624    x$fpl$scalbn        fz_ws.l(scalbn.o)
    0x08006366   0x00000004   Code   RO          689    x$fpl$scanf1        fz_ws.l(scanf1.o)
    0x0800636a   0x00000008   Code   RO          801    x$fpl$scanf2        fz_ws.l(scanf2.o)
    0x08006372   0x00000030   Code   RO          807    x$fpl$trapveneer    fz_ws.l(trapv.o)
    0x080063a2   0x00000000   Code   RO          626    x$fpl$usenofp       fz_ws.l(usenofp.o)
    0x080063a2   0x00000006   PAD
    0x080063a8   0x00000050   Data   RO          486    .constdata          m_ws.l(acos.o)
    0x080063f8   0x00000098   Data   RO          496    .constdata          m_ws.l(atan.o)
    0x08006490   0x00000008   Data   RO          538    .constdata          c_w.l(_printf_wctomb.o)
    0x08006498   0x00000028   Data   RO          567    .constdata          c_w.l(_printf_hex_int_ll_ptr.o)
    0x080064c0   0x00000011   Data   RO          587    .constdata          c_w.l(__printf_flags_ss_wp.o)
    0x080064d1   0x00000003   PAD
    0x080064d4   0x00000094   Data   RO          708    .constdata          c_w.l(bigflt0.o)
    0x08006568   0x00000020   Data   RO          912    Region$$Table       anon$$obj.o
    0x08006588   0x00000008   Data   RO          796    c$$dinf             fz_ws.l(fpconst.o)
    0x08006590   0x0000001c   Data   RO          684    locale$$data        c_w.l(lc_numeric_c.o)
    0x080065ac   0x00000110   Data   RO          791    locale$$data        c_w.l(lc_ctype_c.o)


    Execution Region RW_IRAM1 (Base: 0x20000000, Size: 0x00000c80, Max: 0x00010000, ABSOLUTE)

    Base Addr    Size         Type   Attr      Idx    E Section Name        Object

    0x20000000   0x00000020   Data   RW            2    .data               main.o
    0x20000020   0x00000014   Data   RW          191    .data               system_stm32f10x.o
    0x20000034   0x00000004   Data   RW          235    .data               timer.o
    0x20000038   0x00000018   Data   RW          265    .data               arm.o
    0x20000050   0x00000002   Data   RW          285    .data               usart3.o
    0x20000052   0x00000004   Data   RW          310    .data               delay.o
    0x20000056   0x00000002   PAD
    0x20000058   0x00000006   Data   RW          342    .data               usart.o
    0x2000005e   0x00000014   Data   RW          405    .data               stm32f10x_rcc.o
    0x20000072   0x00000002   PAD
    0x20000074   0x00000030   Zero   RW          234    .bss                timer.o
    0x200000a4   0x000004b0   Zero   RW          284    .bss                usart3.o
    0x20000554   0x000000c8   Zero   RW          341    .bss                usart.o
    0x2000061c   0x00000060   Zero   RW          692    .bss                c_w.l(libspace.o)
    0x2000067c   0x00000004   PAD
    0x20000680   0x00000200   Zero   RW          374    HEAP                startup_stm32f10x_hd.o
    0x20000880   0x00000400   Zero   RW          373    STACK               startup_stm32f10x_hd.o


==============================================================================

Image component sizes


      Code (inc. data)   RO Data    RW Data    ZI Data      Debug   Object Name

      1400        118          0         24          0       2149   arm.o
       212         18          0          4          0       1007   delay.o
       132         16          0          0          0        510   io.o
       596         96          0         32          0     253728   main.o
       220         22          0          0          0       1785   misc.o
        64         26        304          0       1536        784   startup_stm32f10x_hd.o
       860         38          0          0          0       5629   stm32f10x_gpio.o
        26          0          0          0          0       1170   stm32f10x_it.o
       932         36          0         20          0       8788   stm32f10x_rcc.o
      3610         88          0          0          0      22112   stm32f10x_tim.o
      1032         22          0          0          0       8352   stm32f10x_usart.o
         0          0          0          0          0         32   sys.o
       480         38          0         20          0       1715   system_stm32f10x.o
       880         40          0          4         48       3465   timer.o
       320         16          0          6        200       3130   usart.o
       380         26          0          2       1200       2506   usart3.o

    ----------------------------------------------------------------------
     11148        600        336        116       2984     316862   Object Totals
         0          0         32          0          0          0   (incl. Generated)
         4          0          0          4          0          0   (incl. Padding)

    ----------------------------------------------------------------------

      Code (inc. data)   RO Data    RW Data    ZI Data      Debug   Library Member Name

         8          0          0          0          0         68   __main.o
       392          4         17          0          0         92   __printf_flags_ss_wp.o
        14          0          0          0          0         68   __printf_wp.o
         0          0          0          0          0          0   __rtentry.o
        12          0          0          0          0          0   __rtentry2.o
         6          0          0          0          0          0   __rtentry4.o
        52          8          0          0          0          0   __scatter.o
        26          0          0          0          0          0   __scatter_copy.o
        28          0          0          0          0          0   __scatter_zi.o
        28          0          0          0          0         68   _chval.o
         6          0          0          0          0          0   _printf_a.o
         6          0          0          0          0          0   _printf_c.o
        44          0          0          0          0        108   _printf_char.o
        48          6          0          0          0         96   _printf_char_common.o
        40          0          0          0          0         68   _printf_charcount.o
         6          0          0          0          0          0   _printf_d.o
       120         16          0          0          0         92   _printf_dec.o
         6          0          0          0          0          0   _printf_e.o
         6          0          0          0          0          0   _printf_f.o
      1050          0          0          0          0        216   _printf_fp_dec.o
       128         16          0          0          0         84   _printf_fp_infnan.o
         6          0          0          0          0          0   _printf_g.o
       148          4         40          0          0        160   _printf_hex_int_ll_ptr.o
         6          0          0          0          0          0   _printf_i.o
       178          0          0          0          0         88   _printf_intcommon.o
        10          0          0          0          0          0   _printf_l.o
         6          0          0          0          0          0   _printf_lc.o
        10          0          0          0          0          0   _printf_ll.o
         6          0          0          0          0          0   _printf_lld.o
         6          0          0          0          0          0   _printf_lli.o
         6          0          0          0          0          0   _printf_llo.o
         6          0          0          0          0          0   _printf_llu.o
         6          0          0          0          0          0   _printf_llx.o
       124         16          0          0          0         92   _printf_longlong_dec.o
         6          0          0          0          0          0   _printf_ls.o
         6          0          0          0          0          0   _printf_n.o
         6          0          0          0          0          0   _printf_o.o
       112          8          0          0          0        124   _printf_oct_int_ll.o
         6          0          0          0          0          0   _printf_p.o
        78          0          0          0          0        108   _printf_pad.o
         0          0          0          0          0          0   _printf_percent.o
         4          0          0          0          0          0   _printf_percent_end.o
         6          0          0          0          0          0   _printf_s.o
        82          0          0          0          0         80   _printf_str.o
        36          0          0          0          0         84   _printf_truncate.o
         6          0          0          0          0          0   _printf_u.o
        44          0          0          0          0        108   _printf_wchar.o
       188          6          8          0          0         92   _printf_wctomb.o
         6          0          0          0          0          0   _printf_x.o
        22          0          0          0          0        100   _rserrno.o
        64          0          0          0          0         84   _sgetc.o
        10          0          0          0          0         68   _sputc.o
        64          0          0          0          0         92   _wcrtomb.o
       220          4        148          0          0         96   bigflt0.o
      2074        132          0          0          0        940   btod.o
        36          4          0          0          0         76   c89vsprintf.o
        12          0          0          0          0         72   exit.o
         6          0          0          0          0        152   heapauxi.o
        18          0          0          0          0         76   isspace.o
        44         10        272          0          0         76   lc_ctype_c.o
        44         10         28          0          0         76   lc_numeric_c.o
         2          0          0          0          0          0   libinit.o
        30          0          0          0          0          0   libinit2.o
         2          0          0          0          0          0   libshutdown.o
         2          0          0          0          0          0   libshutdown2.o
         8          4          0          0         96         68   libspace.o
        38          0          0          0          0         68   llshl.o
       138          0          0          0          0         80   lludiv10.o
        16          4          0          0          0         76   rt_ctype_table.o
         8          4          0          0          0         68   rt_errno_addr_intlibspace.o
         8          4          0          0          0         68   rt_locale_intlibspace.o
         2          0          0          0          0          0   rtexit.o
        10          0          0          0          0          0   rtexit2.o
      1188         12          0          0          0        148   scanf_fp.o
       792         14          0          0          0        100   scanf_hexfp.o
       308         16          0          0          0        100   scanf_infnan.o
       128          0          0          0          0         68   strcmpv7m.o
        62          0          0          0          0         76   strlen.o
       160         12          0          0          0        120   strtod.o
        74          0          0          0          0         80   sys_stackheap_outer.o
         2          0          0          0          0         68   use_no_semi.o
         2          0          0          0          0         68   use_no_semi_2.o
        98          4          0          0          0         92   d2f.o
       826         16          0          0          0        348   daddsub_clz.o
        16          4          0          0          0         68   dcheck1.o
        24          0          0          0          0         68   dcmpi.o
       688        140          0          0          0        208   ddiv.o
       120          4          0          0          0         92   deqf.o
        94          4          0          0          0         92   dfix.o
        46          0          0          0          0         68   dflt_clz.o
       120          4          0          0          0         92   dleqf.o
       340         12          0          0          0        104   dmul.o
       156          4          0          0          0         92   dnaninf.o
        12          0          0          0          0         68   dretinf.o
       108          0          0          0          0         80   drleqf.o
       460         56          0          0          0        120   dsqrt_noumaal.o
         0          0          8          0          0          0   fpconst.o
        10          0          0          0          0         68   fretinf.o
         4          0          0          0          0         68   printf1.o
       100          0          0          0          0         68   retnan.o
        92          0          0          0          0         68   scalbn.o
         4          0          0          0          0         68   scanf1.o
         8          0          0          0          0         84   scanf2.o
        48          0          0          0          0         68   trapv.o
         0          0          0          0          0          0   usenofp.o
       636         62         80          0          0        188   acos.o
       544         70        152          0          0        124   atan.o
        42          0          0          0          0         84   atof.o
        48          6          0          0          0        272   dunder.o
        40          0          0          0          0         68   fpclassify.o
        88          8          0          0          0         76   frexp.o
       138          0          0          0          0        160   ldexp.o
       152          4          0          0          0        168   narrow.o
       170          0          0          0          0         96   poly.o
        76          0          0          0          0         84   sqrt.o

    ----------------------------------------------------------------------
     14060        714        756          0        100       8464   Library Totals
        28          2          3          0          4          0   (incl. Padding)

    ----------------------------------------------------------------------

      Code (inc. data)   RO Data    RW Data    ZI Data      Debug   Library Name

      8724        314        513          0         96       5060   c_w.l
      3374        248          8          0          0       2084   fz_ws.l
      1934        150        232          0          0       1320   m_ws.l

    ----------------------------------------------------------------------
     14060        714        756          0        100       8464   Library Totals

    ----------------------------------------------------------------------

==============================================================================


      Code (inc. data)   RO Data    RW Data    ZI Data      Debug   

     25208       1314       1092        116       3084     319498   Grand Totals
     25208       1314       1092        116       3084     319498   ELF Image Totals
     25208       1314       1092        116          0          0   ROM Totals

==============================================================================

    Total RO  Size (Code + RO Data)                26300 (  25.68kB)
    Total RW  Size (RW Data + ZI Data)              3200 (   3.13kB)
    Total ROM Size (Code + RO Data + RW Data)      26416 (  25.80kB)

==============================================================================

